tolunnet: lwIP 2.2.0 initialized (NO_SYS=1)
tolunnet: S2_ONLINE: already online (ok)
tolunnet: ethernet.device:0 online (MAC 00:80:10:32:33:34, MTU 1500)
tolunnet: starting DHCP client...
tolunnet: bsdsocket.library v4.1 registered into Exec LibList
tolunnet: bsdsocket.library v4.1 registered with Exec
tolunnet: network task running (Press Ctrl-C to stop)
tolunnet: S2 link DOWN (offline event)
tolunnet: link up: DHCP renew requested
tolunnet: S2 link DOWN (offline event)
tolunnet: link up: DHCP renew requested
tolunnet: S2 link DOWN (offline event)
tolunnet: link up: DHCP renew requested
tolunnet: S2 link DOWN (offline event)
tolunnet: link up: DHCP renew requested
tolunnet: S2 link DOWN (offline event)
tolunnet: link up: DHCP renew requested
tolunnet: S2 link DOWN (offline event)
tolunnet: link up: DHCP renew requested
tolunnet: S2 link DOWN (offline event)
tolunnet: link up: DHCP renew requested
tolunnet: S2 link DOWN (offline event)
tolunnet: link up: DHCP renew requested
tolunnet: S2 link DOWN (offline event)
tolunnet: link up: DHCP renew requested
tolunnet: S2 link DOWN (offline event)
tolunnet: link up: DHCP renew requested
tolunnet: S2 link DOWN (offline event)
tolunnet: link up: DHCP renew requested
tolunnet: S2 link DOWN (offline event)
tolunnet: link up: DHCP renew requested
tolunnet: S2_ONEVENT storm from driver (instant completions); link events disabled
----------------------------------------
tolunnet: DHCP lease obtained!
  IP Address : 10.0.2.15
  Netmask    : 255.255.255.0
  Gateway    : 10.0.2.2
----------------------------------------
tolunnet: client task 0x234ca0 opened bsdsocket.library
tolunnet: socket(domain=2, type=1, proto=0) -> fd 0 (slot 0)
tolunnet: CloseSocket(fd=0, slot=0) -> ok
tolunnet: socket(domain=2, type=2, proto=0) -> fd 0 (slot 0)
tolunnet: CloseSocket(fd=0, slot=0) -> ok
tolunnet: socket(domain=2, type=3, proto=1) -> fd 0 (slot 0)
tolunnet: CloseSocket(fd=0, slot=0) -> ok
tolunnet: socket(domain=2, type=1, proto=0) -> fd 0 (slot 0)
tolunnet: CloseSocket(fd=0, slot=0) -> ok
tolunnet: socket(domain=2, type=1, proto=0) -> fd 0 (slot 0)
tolunnet: CloseSocket(fd=0, slot=0) -> ok
tolunnet: socket(domain=2, type=1, proto=0) -> fd 0 (slot 0)
tolunnet: socket(domain=2, type=1, proto=0) -> fd 1 (slot 1)
tolunnet: CloseSocket(fd=0, slot=0) -> ok
tolunnet: CloseSocket(fd=1, slot=1) -> ok
tolunnet: socket(domain=2, type=1, proto=0) -> fd 0 (slot 0)
tolunnet: CloseSocket(fd=0, slot=0) -> ok
tolunnet: socket(domain=2, type=1, proto=0) -> fd 0 (slot 0)
tolunnet: CloseSocket(fd=0, slot=0) -> ok
tolunnet: socket(domain=2, type=1, proto=0) -> fd 0 (slot 0)
tolunnet: socket(domain=2, type=1, proto=0) -> fd 1 (slot 1)
tolunnet: CloseSocket(fd=2, slot=2) -> ok
tolunnet: CloseSocket(fd=1, slot=1) -> ok
tolunnet: CloseSocket(fd=0, slot=0) -> ok
tolunnet: socket(domain=2, type=1, proto=0) -> fd 0 (slot 0)
tolunnet: CloseSocket(fd=0, slot=0) -> ok
tolunnet: socket(domain=2, type=1, proto=0) -> fd 0 (slot 0)
tolunnet: socket(domain=2, type=1, proto=0) -> fd 1 (slot 1)
tolunnet: CloseSocket(fd=2, slot=2) -> ok
tolunnet: CloseSocket(fd=1, slot=1) -> ok
tolunnet: CloseSocket(fd=0, slot=0) -> ok
tolunnet: socket(domain=2, type=1, proto=0) -> fd 0 (slot 0)
tolunnet: socket(domain=2, type=1, proto=0) -> fd 1 (slot 1)
tolunnet: CloseSocket(fd=2, slot=2) -> ok
tolunnet: CloseSocket(fd=1, slot=1) -> ok
tolunnet: CloseSocket(fd=0, slot=0) -> ok
tolunnet: socket(domain=2, type=1, proto=0) -> fd 0 (slot 0)
tolunnet: CloseSocket(fd=0, slot=0) -> ok
tolunnet: socket(domain=2, type=1, proto=0) -> fd 0 (slot 0)
tolunnet: socket(domain=2, type=1, proto=0) -> fd 1 (slot 1)
tolunnet: CloseSocket(fd=2, slot=2) -> ok
tolunnet: CloseSocket(fd=1, slot=1) -> ok
tolunnet: CloseSocket(fd=0, slot=0) -> ok
tolunnet: socket(domain=2, type=1, proto=0) -> fd 0 (slot 0)
tolunnet: socket(domain=2, type=1, proto=0) -> fd 1 (slot 1)
tolunnet: CloseSocket(fd=2, slot=2) -> ok
tolunnet: CloseSocket(fd=1, slot=1) -> ok
tolunnet: CloseSocket(fd=0, slot=0) -> ok
tolunnet: socket(domain=2, type=1, proto=0) -> fd 0 (slot 0)
tolunnet: socket(domain=2, type=1, proto=0) -> fd 1 (slot 1)
tolunnet: CloseSocket(fd=2, slot=2) -> ok
tolunnet: CloseSocket(fd=1, slot=1) -> ok
tolunnet: CloseSocket(fd=0, slot=0) -> ok
tolunnet: socket(domain=2, type=1, proto=0) -> fd 0 (slot 0)
tolunnet: CloseSocket(fd=0, slot=0) -> ok
tolunnet: socket(domain=2, type=1, proto=0) -> fd 0 (slot 0)
tolunnet: CloseSocket(fd=0, slot=0) -> ok
tolunnet: socket(domain=2, type=1, proto=0) -> fd 0 (slot 0)
tolunnet: socket(domain=2, type=1, proto=0) -> fd 1 (slot 1)
tolunnet: CloseSocket(fd=2, slot=2) -> ok
tolunnet: CloseSocket(fd=1, slot=1) -> ok
tolunnet: CloseSocket(fd=0, slot=0) -> ok
tolunnet: socket(domain=2, type=1, proto=0) -> fd 0 (slot 0)
tolunnet: CloseSocket(fd=0, slot=0) -> ok
tolunnet: socket(domain=2, type=1, proto=0) -> fd 0 (slot 0)
tolunnet: socket(domain=2, type=1, proto=0) -> fd 1 (slot 1)
tolunnet: CloseSocket(fd=2, slot=2) -> ok
tolunnet: CloseSocket(fd=1, slot=1) -> ok
tolunnet: CloseSocket(fd=0, slot=0) -> ok
tolunnet: socket(domain=2, type=1, proto=0) -> fd 0 (slot 0)
tolunnet: socket(domain=2, type=1, proto=0) -> fd 1 (slot 1)
tolunnet: CloseSocket(fd=2, slot=2) -> ok
tolunnet: CloseSocket(fd=1, slot=1) -> ok
tolunnet: CloseSocket(fd=0, slot=0) -> ok
tolunnet: socket(domain=2, type=1, proto=0) -> fd 0 (slot 0)
tolunnet: socket(domain=2, type=1, proto=0) -> fd 1 (slot 1)
tolunnet: CloseSocket(fd=2, slot=2) -> ok
tolunnet: CloseSocket(fd=1, slot=1) -> ok
tolunnet: CloseSocket(fd=0, slot=0) -> ok
tolunnet: socket(domain=2, type=1, proto=0) -> fd 0 (slot 0)
tolunnet: socket(domain=2, type=1, proto=0) -> fd 1 (slot 1)
tolunnet: CloseSocket(fd=2, slot=2) -> ok
tolunnet: CloseSocket(fd=1, slot=1) -> ok
tolunnet: CloseSocket(fd=0, slot=0) -> ok
tolunnet: socket(domain=2, type=2, proto=0) -> fd 0 (slot 0)
tolunnet: socket(domain=2, type=2, proto=0) -> fd 1 (slot 1)
tolunnet: CloseSocket(fd=0, slot=0) -> ok
tolunnet: CloseSocket(fd=1, slot=1) -> ok
tolunnet: socket(domain=2, type=1, proto=0) -> fd 0 (slot 0)
tolunnet: CloseSocket(fd=0, slot=0) -> ok
tolunnet: socket(domain=2, type=2, proto=0) -> fd 0 (slot 0)
tolunnet: socket(domain=2, type=2, proto=0) -> fd 1 (slot 1)
tolunnet: CloseSocket(fd=0, slot=0) -> ok
tolunnet: CloseSocket(fd=1, slot=1) -> ok
tolunnet: socket(domain=2, type=2, proto=0) -> fd 0 (slot 0)
tolunnet: socket(domain=2, type=2, proto=0) -> fd 1 (slot 1)
tolunnet: CloseSocket(fd=0, slot=0) -> ok
tolunnet: CloseSocket(fd=1, slot=1) -> ok
tolunnet: socket(domain=2, type=1, proto=0) -> fd 0 (slot 0)
tolunnet: socket(domain=2, type=1, proto=0) -> fd 1 (slot 1)
tolunnet: CloseSocket(fd=2, slot=2) -> ok
tolunnet: CloseSocket(fd=1, slot=1) -> ok
tolunnet: CloseSocket(fd=0, slot=0) -> ok
tolunnet: socket(domain=2, type=1, proto=0) -> fd 0 (slot 0)
tolunnet: socket(domain=2, type=1, proto=0) -> fd 1 (slot 1)
tolunnet: CloseSocket(fd=2, slot=2) -> ok
tolunnet: CloseSocket(fd=1, slot=1) -> ok
tolunnet: CloseSocket(fd=0, slot=0) -> ok
tolunnet: socket(domain=2, type=1, proto=0) -> fd 0 (slot 0)
tolunnet: socket(domain=2, type=1, proto=0) -> fd 1 (slot 1)
tolunnet: CloseSocket(fd=2, slot=2) -> ok
tolunnet: CloseSocket(fd=1, slot=1) -> ok
tolunnet: CloseSocket(fd=0, slot=0) -> ok
tolunnet: socket(domain=2, type=1, proto=0) -> fd 0 (slot 0)
tolunnet: socket(domain=2, type=1, proto=0) -> fd 1 (slot 1)
tolunnet: CloseSocket(fd=2, slot=2) -> ok
tolunnet: CloseSocket(fd=1, slot=1) -> ok
tolunnet: CloseSocket(fd=0, slot=0) -> ok
tolunnet: socket(domain=2, type=1, proto=0) -> fd 0 (slot 0)
tolunnet: socket(domain=2, type=1, proto=0) -> fd 1 (slot 1)
tolunnet: CloseSocket(fd=2, slot=2) -> ok
tolunnet: CloseSocket(fd=1, slot=1) -> ok
tolunnet: CloseSocket(fd=0, slot=0) -> ok
tolunnet: socket(domain=2, type=1, proto=0) -> fd 0 (slot 0)
tolunnet: socket(domain=2, type=1, proto=0) -> fd 1 (slot 1)
tolunnet: CloseSocket(fd=2, slot=2) -> ok
tolunnet: CloseSocket(fd=1, slot=1) -> ok
tolunnet: CloseSocket(fd=0, slot=0) -> ok
tolunnet: socket(domain=2, type=1, proto=0) -> fd 0 (slot 0)
tolunnet: socket(domain=2, type=1, proto=0) -> fd 1 (slot 1)
tolunnet: CloseSocket(fd=2, slot=2) -> ok
tolunnet: CloseSocket(fd=1, slot=1) -> ok
tolunnet: CloseSocket(fd=0, slot=0) -> ok
tolunnet: socket(domain=2, type=1, proto=0) -> fd 0 (slot 0)
tolunnet: socket(domain=2, type=1, proto=0) -> fd 1 (slot 1)
tolunnet: CloseSocket(fd=2, slot=2) -> ok
tolunnet: CloseSocket(fd=1, slot=1) -> ok
tolunnet: CloseSocket(fd=0, slot=0) -> ok
tolunnet: socket(domain=2, type=1, proto=0) -> fd 0 (slot 0)
tolunnet: socket(domain=2, type=2, proto=0) -> fd 1 (slot 1)
tolunnet: CloseSocket(fd=0, slot=0) -> ok
tolunnet: CloseSocket(fd=1, slot=1) -> ok
tolunnet: socket(domain=2, type=1, proto=0) -> fd 0 (slot 0)
tolunnet: CloseSocket(fd=0, slot=0) -> ok
tolunnet: socket(domain=2, type=1, proto=0) -> fd 0 (slot 0)
tolunnet: CloseSocket(fd=0, slot=0) -> ok
tolunnet: socket(domain=2, type=1, proto=0) -> fd 0 (slot 0)
tolunnet: CloseSocket(fd=0, slot=0) -> ok
tolunnet: socket(domain=2, type=1, proto=0) -> fd 0 (slot 0)
tolunnet: CloseSocket(fd=0, slot=0) -> ok
tolunnet: socket(domain=2, type=1, proto=0) -> fd 0 (slot 0)
tolunnet: CloseSocket(fd=0, slot=0) -> ok
tolunnet: socket(domain=2, type=1, proto=0) -> fd 0 (slot 0)
tolunnet: CloseSocket(fd=0, slot=0) -> ok
tolunnet: socket(domain=2, type=1, proto=0) -> fd 0 (slot 0)
tolunnet: CloseSocket(fd=0, slot=0) -> ok
tolunnet: socket(domain=2, type=1, proto=0) -> fd 0 (slot 0)
tolunnet: CloseSocket(fd=0, slot=0) -> ok
tolunnet: socket(domain=2, type=1, proto=0) -> fd 0 (slot 0)
tolunnet: CloseSocket(fd=0, slot=0) -> ok
tolunnet: socket(domain=2, type=1, proto=0) -> fd 0 (slot 0)
tolunnet: CloseSocket(fd=0, slot=0) -> ok
tolunnet: socket(domain=2, type=1, proto=0) -> fd 0 (slot 0)
tolunnet: CloseSocket(fd=0, slot=0) -> ok
tolunnet: socket(domain=2, type=1, proto=0) -> fd 0 (slot 0)
tolunnet: CloseSocket(fd=0, slot=0) -> ok
tolunnet: socket(domain=2, type=1, proto=0) -> fd 0 (slot 0)
tolunnet: socket(domain=2, type=1, proto=0) -> fd 1 (slot 1)
tolunnet: CloseSocket(fd=2, slot=2) -> ok
tolunnet: CloseSocket(fd=1, slot=1) -> ok
tolunnet: CloseSocket(fd=0, slot=0) -> ok
tolunnet: socket(domain=2, type=1, proto=0) -> fd 0 (slot 0)
tolunnet: CloseSocket(fd=0, slot=0) -> ok
tolunnet: socket(domain=2, type=1, proto=0) -> fd 0 (slot 0)
tolunnet: socket(domain=2, type=1, proto=0) -> fd 1 (slot 1)
tolunnet: CloseSocket(fd=2, slot=2) -> ok
tolunnet: CloseSocket(fd=1, slot=1) -> ok
tolunnet: CloseSocket(fd=0, slot=0) -> ok
tolunnet: socket(domain=2, type=1, proto=0) -> fd 0 (slot 0)
tolunnet: socket(domain=2, type=1, proto=0) -> fd 1 (slot 1)
tolunnet: CloseSocket(fd=2, slot=2) -> ok
tolunnet: CloseSocket(fd=1, slot=1) -> ok
tolunnet: CloseSocket(fd=0, slot=0) -> ok
tolunnet: socket(domain=2, type=1, proto=0) -> fd 0 (slot 0)
tolunnet: socket(domain=2, type=1, proto=0) -> fd 1 (slot 1)
tolunnet: CloseSocket(fd=2, slot=2) -> ok
tolunnet: CloseSocket(fd=1, slot=1) -> ok
tolunnet: CloseSocket(fd=0, slot=0) -> ok
tolunnet: socket(domain=2, type=1, proto=0) -> fd 0 (slot 0)
tolunnet: socket(domain=2, type=1, proto=0) -> fd 1 (slot 1)
tolunnet: CloseSocket(fd=2, slot=2) -> ok
tolunnet: CloseSocket(fd=1, slot=1) -> ok
tolunnet: CloseSocket(fd=0, slot=0) -> ok
tolunnet: socket(domain=2, type=1, proto=0) -> fd 0 (slot 0)
tolunnet: socket(domain=2, type=1, proto=0) -> fd 1 (slot 1)
tolunnet: CloseSocket(fd=2, slot=2) -> ok
tolunnet: CloseSocket(fd=1, slot=1) -> ok
tolunnet: CloseSocket(fd=0, slot=0) -> ok
tolunnet: socket(domain=2, type=1, proto=0) -> fd 0 (slot 0)
tolunnet: socket(domain=2, type=1, proto=0) -> fd 1 (slot 1)
tolunnet: CloseSocket(fd=2, slot=2) -> ok
tolunnet: CloseSocket(fd=1, slot=1) -> ok
tolunnet: CloseSocket(fd=0, slot=0) -> ok
tolunnet: socket(domain=2, type=1, proto=0) -> fd 0 (slot 0)
tolunnet: socket(domain=2, type=1, proto=0) -> fd 1 (slot 1)
tolunnet: socket(domain=2, type=1, proto=0) -> fd 3 (slot 3)
tolunnet: socket(domain=2, type=1, proto=0) -> fd 4 (slot 4)
tolunnet: socket(domain=2, type=1, proto=0) -> fd 6 (slot 6)
tolunnet: socket(domain=2, type=1, proto=0) -> fd 7 (slot 7)
tolunnet: CloseSocket(fd=2, slot=2) -> ok
tolunnet: CloseSocket(fd=5, slot=5) -> ok
tolunnet: CloseSocket(fd=8, slot=8) -> ok
tolunnet: CloseSocket(fd=1, slot=1) -> ok
tolunnet: CloseSocket(fd=4, slot=4) -> ok
tolunnet: CloseSocket(fd=7, slot=7) -> ok
tolunnet: CloseSocket(fd=0, slot=0) -> ok
tolunnet: CloseSocket(fd=3, slot=3) -> ok
tolunnet: CloseSocket(fd=6, slot=6) -> ok
tolunnet: socket(domain=2, type=1, proto=0) -> fd 0 (slot 0)
tolunnet: CloseSocket(fd=0, slot=0) -> ok
tolunnet: socket(domain=2, type=1, proto=0) -> fd 0 (slot 0)
tolunnet: socket(domain=2, type=1, proto=0) -> fd 1 (slot 1)
tolunnet: CloseSocket(fd=2, slot=2) -> ok
tolunnet: CloseSocket(fd=1, slot=1) -> ok
tolunnet: CloseSocket(fd=0, slot=0) -> ok
tolunnet: socket(domain=2, type=1, proto=0) -> fd 0 (slot 0)
tolunnet: CloseSocket(fd=0, slot=0) -> ok
tolunnet: socket(domain=2, type=1, proto=0) -> fd 0 (slot 0)
tolunnet: socket(domain=2, type=1, proto=0) -> fd 1 (slot 1)
tolunnet: CloseSocket(fd=2, slot=2) -> ok
tolunnet: CloseSocket(fd=1, slot=1) -> ok
tolunnet: CloseSocket(fd=0, slot=0) -> ok
tolunnet: socket(domain=2, type=1, proto=0) -> fd 0 (slot 0)
tolunnet: socket(domain=2, type=1, proto=0) -> fd 1 (slot 1)
tolunnet: CloseSocket(fd=2, slot=2) -> ok
tolunnet: CloseSocket(fd=1, slot=1) -> ok
tolunnet: CloseSocket(fd=0, slot=0) -> ok
tolunnet: socket(domain=2, type=1, proto=0) -> fd 0 (slot 0)
tolunnet: socket(domain=2, type=1, proto=0) -> fd 1 (slot 1)
tolunnet: CloseSocket(fd=2, slot=2) -> ok
tolunnet: CloseSocket(fd=1, slot=1) -> ok
tolunnet: CloseSocket(fd=0, slot=0) -> ok
tolunnet: socket(domain=2, type=1, proto=0) -> fd 0 (slot 0)
tolunnet: socket(domain=2, type=1, proto=0) -> fd 1 (slot 1)
tolunnet: CloseSocket(fd=2, slot=2) -> ok
tolunnet: CloseSocket(fd=1, slot=1) -> ok
tolunnet: CloseSocket(fd=0, slot=0) -> ok
tolunnet: socket(domain=2, type=1, proto=0) -> fd 0 (slot 0)
tolunnet: socket(domain=2, type=1, proto=0) -> fd 1 (slot 1)
tolunnet: CloseSocket(fd=2, slot=2) -> ok
tolunnet: CloseSocket(fd=1, slot=1) -> ok
tolunnet: CloseSocket(fd=0, slot=0) -> ok
tolunnet: socket(domain=2, type=1, proto=0) -> fd 0 (slot 0)
tolunnet: CloseSocket(fd=0, slot=0) -> ok
tolunnet: socket(domain=2, type=1, proto=0) -> fd 0 (slot 0)
tolunnet: socket(domain=2, type=1, proto=0) -> fd 1 (slot 1)
tolunnet: CloseSocket(fd=2, slot=2) -> ok
tolunnet: CloseSocket(fd=1, slot=1) -> ok
tolunnet: CloseSocket(fd=0, slot=0) -> ok
tolunnet: socket(domain=2, type=1, proto=0) -> fd 0 (slot 0)
tolunnet: socket(domain=2, type=1, proto=0) -> fd 1 (slot 1)
tolunnet: CloseSocket(fd=1, slot=1) -> ok
tolunnet: CloseSocket(fd=2, slot=2) -> ok
tolunnet: CloseSocket(fd=0, slot=0) -> ok
tolunnet: socket(domain=2, type=1, proto=0) -> fd 0 (slot 0)
tolunnet: socket(domain=2, type=1, proto=0) -> fd 1 (slot 1)
tolunnet: CloseSocket(fd=2, slot=2) -> ok
tolunnet: CloseSocket(fd=1, slot=1) -> ok
tolunnet: CloseSocket(fd=0, slot=0) -> ok
tolunnet: socket(domain=2, type=1, proto=0) -> fd 0 (slot 0)
tolunnet: socket(domain=2, type=1, proto=0) -> fd 1 (slot 1)
tolunnet: socket(domain=2, type=1, proto=0) -> fd 3 (slot 3)
tolunnet: socket(domain=2, type=1, proto=0) -> fd 4 (slot 4)
tolunnet: CloseSocket(fd=2, slot=2) -> ok
tolunnet: CloseSocket(fd=1, slot=1) -> ok
tolunnet: CloseSocket(fd=0, slot=0) -> ok
tolunnet: CloseSocket(fd=5, slot=5) -> ok
tolunnet: CloseSocket(fd=4, slot=4) -> ok
tolunnet: CloseSocket(fd=3, slot=3) -> ok
tolunnet: socket(domain=2, type=1, proto=0) -> fd 0 (slot 0)
tolunnet: socket(domain=2, type=1, proto=0) -> fd 1 (slot 1)
tolunnet: CloseSocket(fd=2, slot=2) -> ok
tolunnet: CloseSocket(fd=1, slot=1) -> ok
tolunnet: CloseSocket(fd=0, slot=0) -> ok
tolunnet: socket(domain=2, type=1, proto=0) -> fd 0 (slot 0)
tolunnet: CloseSocket(fd=0, slot=0) -> ok
tolunnet: socket(domain=2, type=1, proto=0) -> fd 0 (slot 0)
tolunnet: CloseSocket(fd=10, slot=0) -> ok
tolunnet: CloseSocket(fd=0, slot=0) -> ok
tolunnet: socket(domain=2, type=1, proto=0) -> fd 0 (slot 0)
tolunnet: socket(domain=2, type=1, proto=0) -> fd 1 (slot 1)
tolunnet: CloseSocket(fd=2, slot=2) -> ok
tolunnet: CloseSocket(fd=1, slot=1) -> ok
tolunnet: CloseSocket(fd=0, slot=0) -> ok
tolunnet: socket(domain=2, type=1, proto=0) -> fd 0 (slot 0)
tolunnet: socket(domain=2, type=1, proto=0) -> fd 1 (slot 1)
tolunnet: CloseSocket(fd=2, slot=2) -> ok
tolunnet: CloseSocket(fd=1, slot=1) -> ok
tolunnet: CloseSocket(fd=0, slot=0) -> ok
tolunnet: socket(domain=2, type=1, proto=0) -> fd 0 (slot 0)
tolunnet: socket(domain=2, type=1, proto=0) -> fd 1 (slot 1)
tolunnet: CloseSocket(fd=2, slot=2) -> ok
tolunnet: CloseSocket(fd=1, slot=1) -> ok
tolunnet: CloseSocket(fd=0, slot=0) -> ok
tolunnet: socket(domain=2, type=1, proto=0) -> fd 0 (slot 0)
tolunnet: CloseSocket(fd=0, slot=0) -> ok
tolunnet: socket(domain=2, type=1, proto=0) -> fd 0 (slot 0)
tolunnet: CloseSocket(fd=0, slot=0) -> ok
tolunnet: socket(domain=2, type=1, proto=0) -> fd 0 (slot 0)
tolunnet: socket(domain=2, type=1, proto=0) -> fd 1 (slot 1)
tolunnet: CloseSocket(fd=2, slot=3) -> ok
tolunnet: CloseSocket(fd=1, slot=1) -> ok
tolunnet: CloseSocket(fd=0, slot=0) -> ok
[syslog:6] phase 4 canary %s
tolunnet: socket(domain=2, type=1, proto=0) -> fd 0 (slot 0)
tolunnet: socket(domain=2, type=1, proto=0) -> fd 1 (slot 1)
tolunnet: CloseSocket(fd=1, slot=1) -> ok
tolunnet: CloseSocket(fd=2, slot=3) -> ok
tolunnet: CloseSocket(fd=0, slot=0) -> ok
tolunnet: socket(domain=2, type=1, proto=0) -> fd 0 (slot 0)
tolunnet: socket(domain=2, type=1, proto=0) -> fd 1 (slot 1)
tolunnet: socket(domain=2, type=1, proto=0) -> fd 2 (slot 3)
tolunnet: socket(domain=2, type=1, proto=0) -> fd 3 (slot 4)
tolunnet: socket(domain=2, type=1, proto=0) -> fd 4 (slot 5)
tolunnet: socket(domain=2, type=1, proto=0) -> fd 5 (slot 6)
tolunnet: socket(domain=2, type=1, proto=0) -> fd 6 (slot 7)
tolunnet: socket(domain=2, type=1, proto=0) -> fd 7 (slot 8)
tolunnet: socket(domain=2, type=1, proto=0) -> fd 8 (slot 9)
tolunnet: socket(domain=2, type=1, proto=0) -> fd 9 (slot 10)
tolunnet: socket(domain=2, type=1, proto=0) -> fd 10 (slot 11)
tolunnet: socket(domain=2, type=1, proto=0) -> fd 11 (slot 12)
tolunnet: socket(domain=2, type=1, proto=0) -> fd 12 (slot 13)
tolunnet: socket(domain=2, type=1, proto=0) -> fd 13 (slot 14)
tolunnet: socket(domain=2, type=1, proto=0) -> fd 14 (slot 15)
tolunnet: socket(domain=2, type=1, proto=0) -> fd 15 (slot 16)
tolunnet: socket(domain=2, type=1, proto=0) -> fd 16 (slot 17)
tolunnet: socket(domain=2, type=1, proto=0) -> fd 17 (slot 18)
tolunnet: socket(domain=2, type=1, proto=0) -> fd 18 (slot 19)
tolunnet: socket(domain=2, type=1, proto=0) -> fd 19 (slot 20)
tolunnet: socket(domain=2, type=1, proto=0) -> fd 20 (slot 21)
tolunnet: socket(domain=2, type=1, proto=0) -> fd 21 (slot 22)
tolunnet: socket(domain=2, type=1, proto=0) -> fd 22 (slot 23)
tolunnet: socket(domain=2, type=1, proto=0) -> fd 23 (slot 24)
tolunnet: socket(domain=2, type=1, proto=0) -> fd 24 (slot 25)
tolunnet: socket(domain=2, type=1, proto=0) -> fd 25 (slot 26)
tolunnet: socket(domain=2, type=1, proto=0) -> fd 26 (slot 27)
tolunnet: socket(domain=2, type=1, proto=0) -> fd 27 (slot 28)
tolunnet: socket(domain=2, type=1, proto=0) -> fd 28 (slot 29)
tolunnet: CloseSocket(fd=28, slot=29) -> ok
tolunnet: CloseSocket(fd=27, slot=28) -> ok
tolunnet: CloseSocket(fd=26, slot=27) -> ok
tolunnet: CloseSocket(fd=25, slot=26) -> ok
tolunnet: CloseSocket(fd=24, slot=25) -> ok
tolunnet: CloseSocket(fd=23, slot=24) -> ok
tolunnet: CloseSocket(fd=22, slot=23) -> ok
tolunnet: CloseSocket(fd=21, slot=22) -> ok
tolunnet: CloseSocket(fd=20, slot=21) -> ok
tolunnet: CloseSocket(fd=19, slot=20) -> ok
tolunnet: CloseSocket(fd=18, slot=19) -> ok
tolunnet: CloseSocket(fd=17, slot=18) -> ok
tolunnet: CloseSocket(fd=16, slot=17) -> ok
tolunnet: CloseSocket(fd=15, slot=16) -> ok
tolunnet: CloseSocket(fd=14, slot=15) -> ok
tolunnet: CloseSocket(fd=13, slot=14) -> ok
tolunnet: CloseSocket(fd=12, slot=13) -> ok
tolunnet: CloseSocket(fd=11, slot=12) -> ok
tolunnet: CloseSocket(fd=10, slot=11) -> ok
tolunnet: CloseSocket(fd=9, slot=10) -> ok
tolunnet: CloseSocket(fd=8, slot=9) -> ok
tolunnet: CloseSocket(fd=7, slot=8) -> ok
tolunnet: CloseSocket(fd=6, slot=7) -> ok
tolunnet: CloseSocket(fd=5, slot=6) -> ok
tolunnet: CloseSocket(fd=4, slot=5) -> ok
tolunnet: CloseSocket(fd=3, slot=4) -> ok
tolunnet: CloseSocket(fd=2, slot=3) -> ok
tolunnet: CloseSocket(fd=1, slot=1) -> ok
tolunnet: CloseSocket(fd=0, slot=0) -> ok
tolunnet: socket(domain=2, type=3, proto=1) -> fd 0 (slot 0)
tolunnet: CloseSocket(fd=0, slot=0) -> ok
tolunnet: socket(domain=2, type=3, proto=1) -> fd 0 (slot 0)
tolunnet: CloseSocket(fd=0, slot=0) -> ok
tolunnet: socket(domain=2, type=3, proto=1) -> fd 0 (slot 0)
tolunnet: CloseSocket(fd=0, slot=0) -> ok
tolunnet: socket(domain=2, type=1, proto=0) -> fd 0 (slot 0)
tolunnet: socket(domain=2, type=1, proto=0) -> fd 1 (slot 1)
tolunnet: CloseSocket(fd=2, slot=3) -> ok
tolunnet: CloseSocket(fd=1, slot=1) -> ok
tolunnet: CloseSocket(fd=0, slot=0) -> ok
tolunnet: socket(domain=2, type=2, proto=0) -> fd 0 (slot 0)
tolunnet: socket(domain=2, type=2, proto=0) -> fd 1 (slot 1)
tolunnet: CloseSocket(fd=0, slot=0) -> ok
tolunnet: CloseSocket(fd=1, slot=1) -> ok
tolunnet: socket(domain=2, type=1, proto=0) -> fd 0 (slot 0)
tolunnet: socket(domain=2, type=1, proto=0) -> fd 1 (slot 1)
tolunnet: CloseSocket(fd=2, slot=3) -> ok
tolunnet: CloseSocket(fd=1, slot=1) -> ok
tolunnet: CloseSocket(fd=0, slot=0) -> ok
tolunnet: client task 0x234ca0 closing bsdsocket.library
tolunnet: client task 0x234ca0 opened bsdsocket.library
tolunnet: client task 0x234ca0 opened bsdsocket.library
tolunnet: client task 0x234ca0 closing bsdsocket.library
tolunnet: client task 0x234ca0 opened bsdsocket.library
tolunnet: client task 0x234ca0 closing bsdsocket.library
tolunnet: client task 0x234ca0 opened bsdsocket.library
tolunnet: client task 0x234ca0 closing bsdsocket.library
tolunnet: client task 0x234ca0 opened bsdsocket.library
tolunnet: client task 0x234ca0 closing bsdsocket.library
tolunnet: client task 0x234ca0 opened bsdsocket.library
tolunnet: client task 0x234ca0 closing bsdsocket.library
tolunnet: client task 0x234ca0 opened bsdsocket.library
tolunnet: client task 0x234ca0 closing bsdsocket.library
tolunnet: client task 0x234ca0 opened bsdsocket.library
tolunnet: client task 0x234ca0 closing bsdsocket.library
tolunnet: client task 0x234ca0 opened bsdsocket.library
tolunnet: client task 0x234ca0 closing bsdsocket.library
tolunnet: client task 0x234ca0 opened bsdsocket.library
tolunnet: client task 0x234ca0 closing bsdsocket.library
tolunnet: client task 0x234ca0 opened bsdsocket.library
tolunnet: client task 0x234ca0 closing bsdsocket.library
tolunnet: client task 0x234ca0 opened bsdsocket.library
tolunnet: client task 0x234ca0 closing bsdsocket.library
tolunnet: client task 0x234ca0 opened bsdsocket.library
tolunnet: client task 0x234ca0 closing bsdsocket.library
tolunnet: client task 0x234ca0 opened bsdsocket.library
tolunnet: client task 0x234ca0 closing bsdsocket.library
tolunnet: client task 0x234ca0 opened bsdsocket.library
tolunnet: client task 0x234ca0 closing bsdsocket.library
tolunnet: client task 0x234ca0 opened bsdsocket.library
tolunnet: client task 0x234ca0 closing bsdsocket.library
tolunnet: client task 0x234ca0 opened bsdsocket.library
tolunnet: client task 0x234ca0 closing bsdsocket.library
tolunnet: client task 0x234ca0 opened bsdsocket.library
tolunnet: client task 0x234ca0 closing bsdsocket.library
tolunnet: client task 0x234ca0 opened bsdsocket.library
tolunnet: client task 0x234ca0 closing bsdsocket.library
tolunnet: client task 0x234ca0 opened bsdsocket.library
tolunnet: client task 0x234ca0 closing bsdsocket.library
tolunnet: client task 0x234ca0 opened bsdsocket.library
tolunnet: client task 0x234ca0 closing bsdsocket.library
tolunnet: client task 0x234ca0 opened bsdsocket.library
tolunnet: client task 0x234ca0 closing bsdsocket.library
tolunnet: client task 0x234ca0 opened bsdsocket.library
tolunnet: client task 0x234ca0 closing bsdsocket.library
tolunnet: client task 0x234ca0 opened bsdsocket.library
tolunnet: client task 0x234ca0 closing bsdsocket.library
tolunnet: client task 0x234ca0 opened bsdsocket.library
tolunnet: client task 0x234ca0 closing bsdsocket.library
tolunnet: client task 0x234ca0 opened bsdsocket.library
tolunnet: client task 0x234ca0 closing bsdsocket.library
tolunnet: client task 0x234ca0 opened bsdsocket.library
tolunnet: client task 0x234ca0 closing bsdsocket.library
tolunnet: client task 0x234ca0 opened bsdsocket.library
tolunnet: client task 0x234ca0 closing bsdsocket.library
tolunnet: client task 0x234ca0 opened bsdsocket.library
tolunnet: client task 0x234ca0 closing bsdsocket.library
tolunnet: client task 0x234ca0 opened bsdsocket.library
tolunnet: client task 0x234ca0 closing bsdsocket.library
tolunnet: client task 0x234ca0 opened bsdsocket.library
tolunnet: client task 0x234ca0 closing bsdsocket.library
tolunnet: client task 0x234ca0 opened bsdsocket.library
tolunnet: client task 0x234ca0 closing bsdsocket.library
tolunnet: client task 0x234ca0 opened bsdsocket.library
tolunnet: client task 0x234ca0 closing bsdsocket.library
tolunnet: client task 0x234ca0 opened bsdsocket.library
tolunnet: client task 0x234ca0 closing bsdsocket.library
tolunnet: client task 0x234ca0 opened bsdsocket.library
tolunnet: client task 0x234ca0 closing bsdsocket.library
tolunnet: client task 0x234ca0 opened bsdsocket.library
tolunnet: client task 0x234ca0 closing bsdsocket.library
tolunnet: client task 0x234ca0 opened bsdsocket.library
tolunnet: client task 0x234ca0 closing bsdsocket.library
tolunnet: client task 0x234ca0 opened bsdsocket.library
tolunnet: client task 0x234ca0 closing bsdsocket.library
tolunnet: client task 0x234ca0 opened bsdsocket.library
tolunnet: client task 0x234ca0 closing bsdsocket.library
tolunnet: client task 0x234ca0 opened bsdsocket.library
tolunnet: client task 0x234ca0 closing bsdsocket.library
tolunnet: client task 0x234ca0 opened bsdsocket.library
tolunnet: client task 0x234ca0 closing bsdsocket.library
tolunnet: client task 0x234ca0 opened bsdsocket.library
tolunnet: client task 0x234ca0 closing bsdsocket.library
tolunnet: client task 0x234ca0 opened bsdsocket.library
tolunnet: client task 0x234ca0 closing bsdsocket.library
tolunnet: client task 0x234ca0 opened bsdsocket.library
tolunnet: client task 0x234ca0 closing bsdsocket.library
tolunnet: client task 0x234ca0 opened bsdsocket.library
tolunnet: client task 0x234ca0 closing bsdsocket.library
tolunnet: client task 0x234ca0 opened bsdsocket.library
tolunnet: client task 0x234ca0 closing bsdsocket.library
tolunnet: client task 0x234ca0 opened bsdsocket.library
tolunnet: client task 0x234ca0 closing bsdsocket.library
tolunnet: client task 0x234ca0 opened bsdsocket.library
tolunnet: client task 0x234ca0 closing bsdsocket.library
tolunnet: client task 0x234ca0 opened bsdsocket.library
tolunnet: client task 0x234ca0 closing bsdsocket.library
tolunnet: client task 0x234ca0 opened bsdsocket.library
tolunnet: client task 0x234ca0 closing bsdsocket.library
tolunnet: client task 0x234ca0 opened bsdsocket.library
tolunnet: client task 0x234ca0 closing bsdsocket.library
tolunnet: client task 0x234ca0 opened bsdsocket.library
tolunnet: client task 0x234ca0 closing bsdsocket.library
tolunnet: client task 0x234ca0 opened bsdsocket.library
tolunnet: client task 0x234ca0 closing bsdsocket.library
tolunnet: client task 0x234ca0 opened bsdsocket.library
tolunnet: client task 0x234ca0 closing bsdsocket.library
tolunnet: client task 0x234ca0 opened bsdsocket.library
tolunnet: client task 0x234ca0 closing bsdsocket.library
tolunnet: client task 0x234ca0 opened bsdsocket.library
tolunnet: client task 0x234ca0 closing bsdsocket.library
tolunnet: client task 0x234ca0 opened bsdsocket.library
tolunnet: client task 0x234ca0 closing bsdsocket.library
tolunnet: client task 0x234ca0 opened bsdsocket.library
tolunnet: client task 0x234ca0 closing bsdsocket.library
tolunnet: client task 0x234ca0 opened bsdsocket.library
tolunnet: client task 0x234ca0 closing bsdsocket.library
tolunnet: client task 0x234ca0 opened bsdsocket.library
tolunnet: client task 0x234ca0 closing bsdsocket.library
tolunnet: client task 0x234ca0 opened bsdsocket.library
tolunnet: client task 0x234ca0 closing bsdsocket.library
tolunnet: client task 0x234ca0 opened bsdsocket.library
tolunnet: client task 0x234ca0 closing bsdsocket.library
tolunnet: client task 0x234ca0 opened bsdsocket.library
tolunnet: client task 0x234ca0 closing bsdsocket.library
tolunnet: client task 0x234ca0 opened bsdsocket.library
tolunnet: client task 0x234ca0 closing bsdsocket.library
tolunnet: client task 0x234ca0 opened bsdsocket.library
tolunnet: client task 0x234ca0 closing bsdsocket.library
tolunnet: client task 0x234ca0 opened bsdsocket.library
tolunnet: client task 0x234ca0 closing bsdsocket.library
tolunnet: client task 0x234ca0 opened bsdsocket.library
tolunnet: client task 0x234ca0 closing bsdsocket.library
tolunnet: client task 0x234ca0 opened bsdsocket.library
tolunnet: client task 0x234ca0 closing bsdsocket.library
tolunnet: client task 0x234ca0 opened bsdsocket.library
tolunnet: client task 0x234ca0 closing bsdsocket.library
tolunnet: client task 0x234ca0 opened bsdsocket.library
tolunnet: client task 0x234ca0 closing bsdsocket.library
tolunnet: client task 0x234ca0 opened bsdsocket.library
tolunnet: client task 0x234ca0 closing bsdsocket.library
tolunnet: client task 0x234ca0 opened bsdsocket.library
tolunnet: client task 0x234ca0 closing bsdsocket.library
tolunnet: client task 0x234ca0 opened bsdsocket.library
tolunnet: client task 0x234ca0 closing bsdsocket.library
tolunnet: client task 0x234ca0 opened bsdsocket.library
tolunnet: client task 0x234ca0 closing bsdsocket.library
tolunnet: client task 0x234ca0 opened bsdsocket.library
tolunnet: client task 0x234ca0 closing bsdsocket.library
tolunnet: client task 0x234ca0 opened bsdsocket.library
tolunnet: client task 0x234ca0 closing bsdsocket.library
tolunnet: client task 0x234ca0 opened bsdsocket.library
tolunnet: client task 0x234ca0 closing bsdsocket.library
tolunnet: client task 0x234ca0 opened bsdsocket.library
tolunnet: client task 0x234ca0 closing bsdsocket.library
tolunnet: client task 0x234ca0 opened bsdsocket.library
tolunnet: client task 0x234ca0 closing bsdsocket.library
tolunnet: client task 0x234ca0 opened bsdsocket.library
tolunnet: client task 0x234ca0 closing bsdsocket.library
tolunnet: client task 0x234ca0 opened bsdsocket.library
tolunnet: client task 0x234ca0 closing bsdsocket.library
tolunnet: client task 0x234ca0 opened bsdsocket.library
tolunnet: client task 0x234ca0 closing bsdsocket.library
tolunnet: client task 0x234ca0 opened bsdsocket.library
tolunnet: client task 0x234ca0 closing bsdsocket.library
tolunnet: client task 0x234ca0 opened bsdsocket.library
tolunnet: client task 0x234ca0 closing bsdsocket.library
tolunnet: client task 0x234ca0 opened bsdsocket.library
tolunnet: client task 0x234ca0 closing bsdsocket.library
tolunnet: client task 0x234ca0 opened bsdsocket.library
tolunnet: client task 0x234ca0 closing bsdsocket.library
tolunnet: client task 0x234ca0 opened bsdsocket.library
tolunnet: client task 0x234ca0 closing bsdsocket.library
tolunnet: client task 0x234ca0 opened bsdsocket.library
tolunnet: client task 0x234ca0 closing bsdsocket.library
tolunnet: client task 0x234ca0 opened bsdsocket.library
tolunnet: client task 0x234ca0 closing bsdsocket.library
tolunnet: client task 0x234ca0 opened bsdsocket.library
tolunnet: client task 0x234ca0 closing bsdsocket.library
tolunnet: client task 0x234ca0 opened bsdsocket.library
tolunnet: client task 0x234ca0 closing bsdsocket.library
tolunnet: client task 0x234ca0 opened bsdsocket.library
tolunnet: client task 0x234ca0 closing bsdsocket.library
tolunnet: client task 0x234ca0 opened bsdsocket.library
tolunnet: client task 0x234ca0 closing bsdsocket.library
tolunnet: client task 0x234ca0 opened bsdsocket.library
tolunnet: client task 0x234ca0 closing bsdsocket.library
tolunnet: client task 0x234ca0 opened bsdsocket.library
tolunnet: client task 0x234ca0 closing bsdsocket.library
tolunnet: client task 0x234ca0 opened bsdsocket.library
tolunnet: client task 0x234ca0 closing bsdsocket.library
tolunnet: client task 0x234ca0 opened bsdsocket.library
tolunnet: client task 0x234ca0 closing bsdsocket.library
tolunnet: client task 0x234ca0 opened bsdsocket.library
tolunnet: client task 0x234ca0 closing bsdsocket.library
tolunnet: client task 0x234ca0 opened bsdsocket.library
tolunnet: client task 0x234ca0 closing bsdsocket.library
tolunnet: client task 0x234ca0 opened bsdsocket.library
tolunnet: client task 0x234ca0 closing bsdsocket.library
tolunnet: client task 0x234ca0 opened bsdsocket.library
tolunnet: client task 0x234ca0 closing bsdsocket.library
tolunnet: socket(domain=2, type=1, proto=0) -> fd 0 (slot 0)
tolunnet: socket(domain=2, type=2, proto=0) -> fd 1 (slot 1)
tolunnet: CloseSocket(fd=0, slot=0) -> ok
tolunnet: CloseSocket(fd=1, slot=1) -> ok
tolunnet: socket(domain=2, type=2, proto=0) -> fd 0 (slot 0)
tolunnet: CloseSocket(fd=0, slot=0) -> ok
tolunnet: socket(domain=2, type=2, proto=0) -> fd 0 (slot 0)
tolunnet: socket(domain=2, type=2, proto=0) -> fd 1 (slot 1)
tolunnet: CloseSocket(fd=0, slot=0) -> ok
tolunnet: CloseSocket(fd=1, slot=1) -> ok
tolunnet: socket(domain=2, type=1, proto=0) -> fd 0 (slot 0)
tolunnet: socket(domain=2, type=2, proto=0) -> fd 1 (slot 1)
tolunnet: CloseSocket(fd=1, slot=1) -> ok
tolunnet: CloseSocket(fd=0, slot=0) -> ok
tolunnet: socket(domain=2, type=2, proto=0) -> fd 0 (slot 0)
tolunnet: socket(domain=2, type=2, proto=0) -> fd 1 (slot 1)
tolunnet: CloseSocket(fd=1, slot=1) -> ok
tolunnet: CloseSocket(fd=0, slot=0) -> ok
tolunnet: socket(domain=2, type=2, proto=0) -> fd 0 (slot 0)
tolunnet: CloseSocket(fd=0, slot=0) -> ok
tolunnet: socket(domain=2, type=2, proto=0) -> fd 0 (slot 0)
tolunnet: socket(domain=2, type=2, proto=0) -> fd 1 (slot 1)
tolunnet: CloseSocket(fd=0, slot=0) -> ok
tolunnet: CloseSocket(fd=1, slot=1) -> ok
tolunnet: socket(domain=2, type=1, proto=0) -> fd 0 (slot 0)
tolunnet: socket(domain=2, type=1, proto=0) -> fd 1 (slot 1)
tolunnet: CloseSocket(fd=2, slot=3) -> ok
tolunnet: CloseSocket(fd=1, slot=1) -> ok
tolunnet: CloseSocket(fd=0, slot=0) -> ok
tolunnet: socket(domain=2, type=1, proto=0) -> fd 0 (slot 0)
tolunnet: CloseSocket(fd=0, slot=0) -> ok
tolunnet: socket(domain=2, type=1, proto=0) -> fd 0 (slot 0)
tolunnet: socket(domain=2, type=1, proto=0) -> fd 1 (slot 1)
tolunnet: CloseSocket(fd=2, slot=3) -> ok
tolunnet: CloseSocket(fd=1, slot=1) -> ok
tolunnet: CloseSocket(fd=0, slot=0) -> ok
tolunnet: socket(domain=2, type=1, proto=0) -> fd 0 (slot 0)
tolunnet: CloseSocket(fd=0, slot=0) -> ok
tolunnet: socket(domain=2, type=2, proto=0) -> fd 0 (slot 0)
tolunnet: CloseSocket(fd=0, slot=0) -> ok
tolunnet: socket(domain=2, type=2, proto=0) -> fd 0 (slot 0)
tolunnet: socket(domain=2, type=2, proto=0) -> fd 1 (slot 1)
tolunnet: CloseSocket(fd=0, slot=0) -> ok
tolunnet: CloseSocket(fd=1, slot=1) -> ok
tolunnet: socket(domain=2, type=2, proto=0) -> fd 0 (slot 0)
tolunnet: CloseSocket(fd=10, slot=0) -> ok
tolunnet: CloseSocket(fd=0, slot=0) -> ok
tolunnet: socket(domain=2, type=2, proto=0) -> fd 0 (slot 0)
tolunnet: CloseSocket(fd=0, slot=0) -> ok
tolunnet: socket(domain=2, type=2, proto=0) -> fd 0 (slot 0)
tolunnet: socket(domain=2, type=2, proto=0) -> fd 1 (slot 1)
tolunnet: CloseSocket(fd=0, slot=0) -> ok
tolunnet: CloseSocket(fd=1, slot=1) -> ok
tolunnet: socket(domain=2, type=2, proto=0) -> fd 0 (slot 0)
tolunnet: socket(domain=2, type=2, proto=0) -> fd 1 (slot 1)
tolunnet: CloseSocket(fd=0, slot=0) -> ok
tolunnet: CloseSocket(fd=1, slot=1) -> ok
tolunnet: socket(domain=2, type=3, proto=1) -> fd 0 (slot 0)
tolunnet: CloseSocket(fd=0, slot=0) -> ok
tolunnet: socket(domain=2, type=2, proto=0) -> fd 0 (slot 0)
tolunnet: socket(domain=2, type=2, proto=0) -> fd 1 (slot 1)
tolunnet: CloseSocket(fd=0, slot=0) -> ok
tolunnet: CloseSocket(fd=1, slot=1) -> ok
tolunnet: socket(domain=2, type=2, proto=0) -> fd 0 (slot 0)
tolunnet: socket(domain=2, type=2, proto=0) -> fd 1 (slot 1)
tolunnet: CloseSocket(fd=0, slot=0) -> ok
tolunnet: CloseSocket(fd=1, slot=1) -> ok
tolunnet: socket(domain=2, type=1, proto=0) -> fd 0 (slot 0)
tolunnet: socket(domain=2, type=1, proto=0) -> fd 1 (slot 1)
tolunnet: CloseSocket(fd=2, slot=3) -> ok
tolunnet: CloseSocket(fd=1, slot=1) -> ok
tolunnet: CloseSocket(fd=0, slot=0) -> ok
tolunnet: socket(domain=2, type=1, proto=0) -> fd 0 (slot 0)
tolunnet: socket(domain=2, type=1, proto=0) -> fd 1 (slot 1)
tolunnet: CloseSocket(fd=1, slot=1) -> ok
tolunnet: CloseSocket(fd=2, slot=3) -> ok
tolunnet: CloseSocket(fd=0, slot=0) -> ok
tolunnet: socket(domain=2, type=2, proto=0) -> fd 0 (slot 0)
tolunnet: CloseSocket(fd=0, slot=0) -> ok
tolunnet: socket(domain=2, type=2, proto=0) -> fd 0 (slot 0)
tolunnet: CloseSocket(fd=0, slot=0) -> ok
tolunnet: socket(domain=2, type=2, proto=0) -> fd 0 (slot 0)
tolunnet: CloseSocket(fd=0, slot=0) -> ok
tolunnet: CloseSocket(fd=1, slot=0) -> ok
tolunnet: socket(domain=2, type=1, proto=0) -> fd 0 (slot 0)
tolunnet: CloseSocket(fd=0, slot=0) -> ok
tolunnet: socket(domain=2, type=2, proto=0) -> fd 0 (slot 0)
tolunnet: client task 0x24f3d0 opened bsdsocket.library
tolunnet: CloseSocket(fd=0, slot=0) -> ok
tolunnet: client task 0x24f3d0 closing bsdsocket.library
tolunnet: socket(domain=2, type=2, proto=0) -> fd 0 (slot 0)
tolunnet: CloseSocket(fd=0, slot=0) -> ok
tolunnet: RECONFIG applied
tolunnet: RECONFIG: task priority 5 -> 7
tolunnet: RECONFIG: netdb database order -> local,dns
tolunnet: RECONFIG: selector table grown to 32 entries
tolunnet: RECONFIG: statistics counters reset (reporting off)
tolunnet: syslog forwarding armed to 10.0.2.2:514
tolunnet: RECONFIG applied
tolunnet: RECONFIG: netdb database order -> (default)
tolunnet: RECONFIG: statistics counters reset (reporting on)
tolunnet: syslog forwarding disabled
tolunnet: RECONFIG: needs restart: DEVICE
tolunnet: RECONFIG: task priority 7 -> 5
tolunnet: RECONFIG: log file -> WORK:tolunnet-task.log
tolunnet: RECONFIG applied
tolunnet: RECONFIG: task priority 5 -> 7
tolunnet: RECONFIG: netdb database order -> local,dns
tolunnet: RECONFIG: selector table grown to 32 entries
tolunnet: RECONFIG: statistics counters reset (reporting off)
tolunnet: syslog forwarding armed to 10.0.2.2:514
tolunnet: RECONFIG applied
tolunnet: RECONFIG: netdb database order -> (default)
tolunnet: RECONFIG: statistics counters reset (reporting on)
tolunnet: syslog forwarding disabled
tolunnet: RECONFIG: needs restart: DEVICE
tolunnet: RECONFIG: task priority 7 -> 5
tolunnet: RECONFIG: log file -> WORK:tolunnet-task.log
tolunnet: RECONFIG applied
tolunnet: RECONFIG: task priority 5 -> 7
tolunnet: RECONFIG: netdb database order -> local,dns
tolunnet: RECONFIG: selector table grown to 32 entries
tolunnet: RECONFIG: statistics counters reset (reporting off)
tolunnet: syslog forwarding armed to 10.0.2.2:514
tolunnet: RECONFIG applied
tolunnet: RECONFIG: netdb database order -> (default)
tolunnet: RECONFIG: statistics counters reset (reporting on)
tolunnet: syslog forwarding disabled
tolunnet: RECONFIG: needs restart: DEVICE
tolunnet: RECONFIG: task priority 7 -> 5
tolunnet: RECONFIG: log file -> WORK:tolunnet-task.log
tolunnet: RECONFIG applied
tolunnet: RECONFIG: task priority 5 -> 7
tolunnet: RECONFIG: netdb database order -> local,dns
tolunnet: RECONFIG: selector table grown to 32 entries
tolunnet: RECONFIG: statistics counters reset (reporting off)
tolunnet: syslog forwarding armed to 10.0.2.2:514
tolunnet: RECONFIG applied
tolunnet: RECONFIG: netdb database order -> (default)
tolunnet: RECONFIG: statistics counters reset (reporting on)
tolunnet: syslog forwarding disabled
tolunnet: RECONFIG: needs restart: DEVICE
tolunnet: RECONFIG: task priority 7 -> 5
tolunnet: RECONFIG: log file -> WORK:tolunnet-task.log
tolunnet: RECONFIG applied
tolunnet: RECONFIG: task priority 5 -> 7
tolunnet: RECONFIG: netdb database order -> local,dns
tolunnet: RECONFIG: selector table grown to 32 entries
tolunnet: RECONFIG: statistics counters reset (reporting off)
tolunnet: syslog forwarding armed to 10.0.2.2:514
tolunnet: tn_s2_send failed err=10 wire=3
tolunnet: RECONFIG applied
tolunnet: tn_s2_send failed err=10 wire=3
tolunnet: RECONFIG: netdb database order -> (default)
tolunnet: tn_s2_send failed err=10 wire=3
tolunnet: RECONFIG: statistics counters reset (reporting on)
tolunnet: tn_s2_send failed err=10 wire=3
tolunnet: syslog forwarding disabled
tolunnet: tn_s2_send failed err=10 wire=3
tolunnet: RECONFIG: needs restart: DEVICE
tolunnet: RECONFIG: task priority 7 -> 5
