# tolunnet SocketConformance (Round 3 §B.2)
# enter tc_lib_open_close
ok 1 - tc_lib_open_close
# enter tc_lib_expunge_survives
ok 2 - tc_lib_expunge_survives
# enter tc_waitselect_fd40
ok 3 - tc_waitselect_fd40
# enter tc_listen_setsockopt
ok 4 - tc_listen_setsockopt
# enter tc_net_recv_ctrlc
# net_recv_ctrlc: signals BEFORE recv = 0x100
# net_recv_ctrlc: signals AFTER recv = 0x80001000
# net_recv_ctrlc: CTRL_C still set after EINTR (correct)
# net_recv_ctrlc: recv rc=-1 errno=4 after 50 ticks
ok 5 - net_recv_ctrlc
# net_recv_ctrlc: post-CANCEL socket OK
# enter tc_socket_types
ok 6 - tc_socket_types
# enter tc_bind_udp
ok 7 - tc_bind_udp
# enter tc_bind_reuse
ok 8 - tc_bind_reuse
# enter tc_sockopt_matrix
ok 9 - tc_sockopt_matrix
# enter tc_multicast_join
ok 10 - tc_multicast_join
# enter tc_ioctl_ifconf
ok 11 - tc_ioctl_ifconf
# enter tc_ioctl_fionread
ok 12 - tc_ioctl_fionread
# enter tc_listen_accept_loopback
ok 13 - tc_listen_accept_loopback
# enter tc_connect_refused
ok 14 - tc_connect_refused
# enter tc_connect_refused_nb
ok 15 - tc_connect_refused_nb
# enter tc_nonblock_connect
# tc_nonblock_connect: rc=-1 errno=36 EINPROGRESS=36
# tc_nonblock_connect: calling waitselect s=1
# tc_nonblock_connect: waitselect returned 1 errno=36
ok 16 - tc_nonblock_connect
# enter tc_shutdown_wr
ok 17 - tc_shutdown_wr
# enter tc_getpeername
ok 18 - tc_getpeername
# enter tc_dns_a
ok 19 - tc_dns_a # SKIP external
# enter tc_dns_local
ok 20 - tc_dns_local
# enter tc_dns_fail
ok 21 - tc_dns_fail
# enter tc_errno_ptr
ok 22 - tc_errno_ptr
# enter tc_dup2
ok 23 - tc_dup2
# enter tc_waitselect_timeout
ok 24 - tc_waitselect_timeout
# enter tc_waitselect_eintr
ok 25 - tc_waitselect_eintr
# enter tc_waitselect_badf
ok 26 - tc_waitselect_badf
# enter tc_waitselect_no_sigio
ok 27 - tc_waitselect_no_sigio
# enter tc_sigio
ok 28 - tc_sigio
# enter tc_icmp_raw
ok 29 - tc_icmp_raw
# enter tc_sendmsg_iov
ok 30 - tc_sendmsg_iov
# enter tc_tcp_scatter_tnet115
# control: send=100 waitselect=1 recv=100
# waitselect_rc=1 recv_rc=100 errno=45 retries=1
ok 31 - tc_tcp_scatter_tnet115
# enter tc_recv_peek
ok 32 - tc_recv_peek
# enter tc_socket_events
ok 33 - tc_socket_events
# enter tc_sbtc_full
ok 34 - tc_sbtc_full
# enter tc_release_obtain
ok 35 - tc_release_obtain
# enter tc_every_vector_callable
ok 36 - tc_every_vector_callable
# enter tc_stats_counters
ok 37 - tc_stats_counters
# enter tc_wizard_layout
# tc_wizard_layout: stage: launching wizard
# tc_wizard_layout: stage: waiting for TOLUNNETSETUP port
# tc_wizard_layout: stage: page 0
# tc_wizard_layout: stage: scanning gadgets (page 0)
# tc_wizard_layout: (b) page 0 gadget 9 (gid 222) right label ends at 786 > inner right 636 ("Found on this system:")
# tc_wizard_layout: stage: page 1
# tc_wizard_layout: stage: scanning gadgets (page 1)
# tc_wizard_layout: (b) page 1 gadget 9 (gid 122) right label ends at 682 > inner right 636 ("Adapter:")
# tc_wizard_layout: stage: page 2
# tc_wizard_layout: stage: scanning gadgets (page 2)
# tc_wizard_layout: stage: page 3
# tc_wizard_layout: stage: scanning gadgets (page 3)
# tc_wizard_layout: diag page3 gid147 flags=8006 placetext=6 lab="Also write _Roadshow NetInterfaces (backup kept) and also this label is deliberately stretched far beyond the panel for the fail-proof run 1234567890"
# tc_wizard_layout: (b) page 3 gadget 10 (gid 147) right label ends at 1392 > inner right 636 ("Also write _Roadshow NetInterfaces (backup kept) and also this label is deliberately stretched far beyond the panel for the fail-proof run 1234567890")
# tc_wizard_layout: (b) page 3 gadget 10 (gid 147) above label ends at 1366 > inner right 636 ("Also write _Roadshow NetInterfaces (backup kept) and also this label is deliberately stretched far beyond the panel for the fail-proof run 1234567890")
# tc_wizard_layout: stage: page 4
# tc_wizard_layout: stage: scanning gadgets (page 4)
# tc_wizard_layout: stage: cancelling wizard
# tc_wizard_layout: violations=4 (borders 4/4/11/2)
not ok 38 - tc_wizard_layout # wizard layout violates the panel
# enter tc_wizard_wired
# tc_wizard_wired: write_roadshow default unchecked - no DEVS:NetInterfaces/Ethernet written
ok 39 - tc_wizard_wired
# enter tc_wizard_wired
# tc_wizard_wired: write_roadshow default unchecked - no DEVS:NetInterfaces/Ethernet written
ok 40 - tc_wizard_wired
# enter tc_wizard_ntsc
ok 41 - tc_wizard_ntsc
# enter tc_wifi_scan_parse
ok 42 - tc_wifi_scan_parse
# enter tc_reconfig_rc
ok 43 - tc_reconfig_rc
# enter tc_probe_after_wizard_wired
ok 44 - tc_probe_after_wizard_wired
# enter tc_probe_after_wizard_ntsc
ok 45 - tc_probe_after_wizard_ntsc
# enter tc_probe_after_wifi_scan
ok 46 - tc_probe_after_wifi_scan
# enter tc_probe_after_reconfig
ok 47 - tc_probe_after_reconfig
# enter tc_link_events
ok 48 - tc_link_events # SKIP link flip not enabled for this driver (create WORK:linktest-on)
# enter tc_cmd_hostname
ok 49 - tc_cmd_hostname
# enter tc_cmd_nslookup
ok 50 - tc_cmd_nslookup
# enter tc_cmd_whois
ok 51 - tc_cmd_whois
# enter tc_cmd_traceroute
ok 52 - tc_cmd_traceroute
# enter tc_cmd_nc
ok 53 - tc_cmd_nc
# enter tc_cmd_sntp
ok 54 - tc_cmd_sntp
# enter tc_cmd_telnet
ok 55 - tc_cmd_telnet
# enter tc_cmd_tftp
ok 56 - tc_cmd_tftp
# enter tc_cmd_ftp
ok 57 - tc_cmd_ftp
# enter tc_cmd_arp
# tc_cmd_arp: gateway ARP resolves here: yes
ok 58 - tc_cmd_arp
# enter tc_cmd_shownetstatus
ok 59 - tc_cmd_shownetstatus
# enter tc_cmd_tolunnetcontrol
ok 60 - tc_cmd_tolunnetcontrol
# enter tc_cmd_getnetstatus
ok 61 - tc_cmd_getnetstatus
# enter tc_iperf_loopback
# iperf loopback: 492912 bytes in ~2s = 4930 KB/s
ok 62 - tc_iperf_loopback
# enter tc_cmd_ifctl
ok 63 - tc_cmd_ifctl
# enter tc_cmd_netshutdown
ok 64 - tc_cmd_netshutdown
# enter tc_cmd_route
ok 65 - tc_cmd_route
# enter tc_usergroup
# tc_usergroup: bsdsocket survived flush (socket ok)
ok 66 - tc_usergroup
# enter tc_install_script
ok 67 - tc_install_script
tolunnet: keeping existing S:User-Startup.tolunnet-bak
# enter tc_net_tcp_blocking_recv
ok 68 - net_tcp_blocking_recv
# enter tc_net_udp_connected_send
ok 69 - net_udp_connected_send
# enter tc_net_udp_unconnected_send
ok 70 - net_udp_unconnected_send
# enter tc_net_udp_connected_sendto_eisconn
ok 71 - net_udp_connected_sendto_eisconn
# enter tc_net_tcp_unconnected_recvfrom
ok 72 - net_tcp_unconnected_recvfrom
# enter tc_net_tcp_connected_recvfrom
ok 73 - net_tcp_connected_recvfrom
# enter tc_net_tcp_unconnected_sendto
ok 74 - net_tcp_unconnected_sendto
# enter tc_net_tcp_connected_sendto_ignored_to
ok 75 - net_tcp_connected_sendto_ignored_to
# enter tc_net_tcp_shutdown_sendto_epipe
ok 76 - net_tcp_shutdown_sendto_epipe
# enter tc_net_cmd_nc
ok 77 - net_cmd_nc
# enter tc_net_cmd_nc_udp
ok 78 - net_cmd_nc_udp
# enter tc_net_cmd_nc_listen
ok 79 - net_cmd_nc_listen
# enter tc_net_cmd_whois
ok 80 - net_cmd_whois
# enter tc_net_cmd_telnet
ok 81 - net_cmd_telnet
# enter tc_net_inet_ntoa
ok 82 - net_inet_ntoa
# enter tc_net_cmd_wget
ok 83 - net_cmd_wget
# enter tc_net_cmd_wget_continue
ok 84 - net_cmd_wget_continue
# enter tc_net_cmd_ftp
ok 85 - net_cmd_ftp
# enter tc_net_cmd_ftp_put
ok 86 - net_cmd_ftp_put
# enter tc_net_cmd_sntp
ok 87 - net_cmd_sntp
# enter tc_net_cmd_traceroute
ok 88 - net_cmd_traceroute
# enter tc_net_cmd_tftp
ok 89 - net_cmd_tftp
# enter tc_net_cmd_tftp_big
ok 90 - net_cmd_tftp_big
# enter tc_net_cmd_status_live
ok 91 - net_cmd_status_live
# enter tc_net_cmd_status_down
ok 92 - net_cmd_status_down
# enter tc_net_cmd_status_route
ok 93 - net_cmd_status_route
# enter tc_net_cmd_route_host
ok 94 - net_cmd_route_host
# enter tc_net_cmd_netshutdown
TolunnetControl: starting C:tolunnet...
ok 95 - net_cmd_netshutdown
tolunnet: daemon started in background (32 KB stack)
# enter tc_net_cmd_hostname_set
ok 96 - net_cmd_hostname_set
# enter tc_net_cmd_ping_ttl
ok 97 - net_cmd_ping_ttl
# enter tc_net_cmd_ping_self
ok 98 - net_cmd_ping_self
# enter tc_net_cmd_ping_gw
ok 99 - net_cmd_ping_gw
# enter tc_net_cmd_nslookup_server
ok 100 - net_cmd_nslookup_server
# enter tc_net_cmd_nslookup_ptr
