# tolunnet SocketConformance (Round 3 §B.2)
ok 1 - tc_lib_open_close
ok 2 - tc_lib_expunge_survives
ok 3 - tc_waitselect_fd40
ok 4 - tc_listen_setsockopt
# net_recv_ctrlc: signals BEFORE recv = 0x0
# net_recv_ctrlc: signals AFTER recv = 0x80001100
# net_recv_ctrlc: CTRL_C still set after EINTR (correct)
# net_recv_ctrlc: recv rc=-1 errno=4 after 110 ticks
ok 5 - net_recv_ctrlc
# net_recv_ctrlc: post-CANCEL socket OK
ok 6 - tc_socket_types
ok 7 - tc_bind_udp
ok 8 - tc_bind_reuse
ok 9 - tc_sockopt_matrix
ok 10 - tc_multicast_join
ok 11 - tc_ioctl_ifconf
ok 12 - tc_ioctl_fionread
ok 13 - tc_listen_accept_loopback
ok 14 - tc_connect_refused
# TIMEOUT: ipc watchdog fired during tc_connect_refused
# tc_nonblock_connect: rc=-1 errno=36 EINPROGRESS=36
# tc_nonblock_connect: calling waitselect s=1
# tc_nonblock_connect: waitselect returned 1 errno=36
ok 15 - tc_nonblock_connect
ok 16 - tc_shutdown_wr
ok 17 - tc_getpeername
ok 18 - tc_dns_a # SKIP external
ok 19 - tc_dns_local
ok 20 - tc_dns_fail
ok 21 - tc_errno_ptr
ok 22 - tc_dup2
ok 23 - tc_waitselect_timeout
ok 24 - tc_waitselect_eintr
ok 25 - tc_waitselect_badf
ok 26 - tc_waitselect_no_sigio
ok 27 - tc_sigio
ok 28 - tc_icmp_raw
ok 29 - tc_sendmsg_iov
# control: send=100 waitselect=1 recv=100
# waitselect_rc=1 recv_rc=100 errno=45 retries=1
ok 30 - tc_tcp_scatter_tnet115
ok 31 - tc_recv_peek
ok 32 - tc_socket_events
ok 33 - tc_sbtc_full
ok 34 - tc_release_obtain
ok 35 - tc_every_vector_callable
ok 36 - tc_stats_counters
ok 37 - tc_wizard_wired
# tc_wizard_ntsc: SystemTags TolunnetPrefs rc=0
# tc_wizard_ntsc: pwait=100 pwin=0 pscr=0
ok 38 - tc_wizard_ntsc
ok 39 - tc_wifi_scan_parse
ok 40 - tc_reconfig_rc
ok 41 - tc_probe_after_wizard_wired
ok 42 - tc_probe_after_wizard_ntsc
ok 43 - tc_probe_after_wifi_scan
ok 44 - tc_probe_after_reconfig
ok 45 - tc_link_events # SKIP link flip not enabled for this driver (create WORK:linktest-on)
ok 46 - tc_cmd_hostname
ok 47 - tc_cmd_nslookup
ok 48 - tc_cmd_whois
ok 49 - tc_cmd_traceroute
ok 50 - tc_cmd_nc
ok 51 - tc_cmd_sntp
ok 52 - tc_cmd_telnet
ok 53 - tc_cmd_tftp
ok 54 - tc_cmd_ftp
# tc_cmd_arp: gateway ARP resolves here: yes
ok 55 - tc_cmd_arp
ok 56 - tc_cmd_shownetstatus
ok 57 - tc_cmd_tolunnetcontrol
ok 58 - tc_cmd_getnetstatus
# iperf loopback: 104552 bytes in ~2s = 1046 KB/s
ok 59 - tc_iperf_loopback
ok 60 - tc_cmd_ifctl
ok 61 - tc_cmd_netshutdown
ok 62 - tc_cmd_route
