# tolunnet SocketConformance (Round 3 §B.2)
ok 1 - tc_lib_open_close
ok 2 - tc_socket_types
ok 3 - tc_bind_udp
ok 4 - tc_bind_reuse
ok 5 - tc_listen_accept_loopback
ok 6 - tc_connect_refused
ok 7 - tc_nonblock_connect # SKIP needs a live TCP target on the bench (gauntlet config; §C11 EINPROGRESS path)
ok 8 - tc_shutdown_wr
ok 9 - tc_getpeername
not ok 10 - tc_dns_a # TODO resolve aminet.net (offline bench, no DNS forwarder)
ok 11 - tc_dns_fail
ok 12 - tc_errno_ptr
ok 13 - tc_dup2
ok 14 - tc_waitselect_timeout
ok 15 - tc_sigio
ok 16 - tc_icmp_raw
ok 17 - tc_every_vector_callable # SKIP full 139-slot table generated in §D (SCOPE v4)
1..17
# bench: asking daemon to stop (restart-cycle proof)
