# tolunnet SocketConformance (Round 3 §B.2)
ok 1 - tc_lib_open_close
not ok 2 - tc_socket_types # stream/dgram ok + bad type rejected expected
not ok 3 - tc_bind_udp # bind returned error (TNET-077: ENOSYS baseline)
ok 4 - tc_bind_reuse # SKIP needs BIND handler (TNET-077, Round 3 §C1)
ok 5 - tc_listen_accept_loopback # SKIP needs loopback + listen/accept (TNET-071/077, §C1/C10)
ok 6 - tc_connect_refused
ok 7 - tc_nonblock_connect # SKIP needs a live TCP target on the bench (gauntlet config; §C11 EINPROGRESS path)
not ok 8 - tc_shutdown_wr # shutdown returned error (TNET-077: ENOSYS baseline)
not ok 9 - tc_getpeername # getpeername failed (TNET-077: ENOSYS baseline)
not ok 10 - tc_dns_a # resolve aminet.net failed (no DNS on bench?)
ok 11 - tc_dns_fail
ok 12 - tc_errno_ptr
ok 13 - tc_dup2
ok 14 - tc_waitselect_timeout # SKIP 200ms timing check runs with the §C11 WaitSelect rework (timer precision)
ok 15 - tc_sigio # SKIP SIGIO delivery not implemented (TNET-067, §C11)
not ok 16 - tc_icmp_raw # SOCK_RAW fd granted without raw support (no type validation; §C1/C9)
ok 17 - tc_every_vector_callable # SKIP full 139-slot table generated in §D (SCOPE v4)
1..17
# bench: asking daemon to stop (restart-cycle proof)
