# tolunnet SocketConformance (Round 3 §B.2)
ok 1 - tc_lib_open_close
ok 2 - tc_lib_expunge_survives
ok 3 - tc_waitselect_fd40
ok 4 - tc_listen_setsockopt
# net_recv_ctrlc: signals BEFORE recv = 0x0
# net_recv_ctrlc: signals AFTER recv = 0x80001100
# net_recv_ctrlc: CTRL_C still set after EINTR (correct)
# net_recv_ctrlc: recv rc=-1 errno=4 after 68 ticks
ok 5 - net_recv_ctrlc
# net_recv_ctrlc: post-CANCEL socket OK
ok 6 - tc_socket_types
ok 7 - tc_bind_udp
ok 8 - tc_bind_reuse
ok 9 - tc_sockopt_matrix
ok 10 - tc_multicast_join
ok 11 - tc_ioctl_ifconf
ok 12 - tc_ioctl_fionread
ok 13 - tc_listen_accept_loopback
ok 14 - tc_connect_refused
ok 15 - tc_connect_refused_nb
# tc_nonblock_connect: rc=-1 errno=36 EINPROGRESS=36
# tc_nonblock_connect: calling waitselect s=1
# tc_nonblock_connect: waitselect returned 1 errno=36
ok 16 - tc_nonblock_connect
ok 17 - tc_shutdown_wr
ok 18 - tc_getpeername
ok 19 - tc_dns_a # SKIP external
ok 20 - tc_dns_local
ok 21 - tc_dns_fail
ok 22 - tc_errno_ptr
ok 23 - tc_dup2
ok 24 - tc_waitselect_timeout
ok 25 - tc_waitselect_eintr
ok 26 - tc_waitselect_badf
ok 27 - tc_waitselect_no_sigio
ok 28 - tc_sigio
ok 29 - tc_icmp_raw
ok 30 - tc_sendmsg_iov
# control: send=100 waitselect=1 recv=100
# waitselect_rc=1 recv_rc=100 errno=45 retries=1
ok 31 - tc_tcp_scatter_tnet115
ok 32 - tc_recv_peek
ok 33 - tc_socket_events
ok 34 - tc_sbtc_full
ok 35 - tc_release_obtain
ok 36 - tc_every_vector_callable
ok 37 - tc_stats_counters
not ok 38 - tc_wizard_wired # Legacy lines not properly commented out in S:User-Startup
# tc_wizard_ntsc: SystemTags TolunnetPrefs rc=0
# tc_wizard_ntsc: pwait=100 pwin=0 pscr=0
ok 39 - tc_wizard_ntsc
ok 40 - tc_wifi_scan_parse
