# tolunnet SocketConformance (Round 3 §B.2)
# enter tc_lib_open_close
ok 1 - tc_lib_open_close
# enter tc_lib_expunge_survives
ok 2 - tc_lib_expunge_survives
# enter tc_waitselect_fd40
ok 3 - tc_waitselect_fd40
# enter tc_listen_setsockopt
ok 4 - tc_listen_setsockopt
# enter tc_net_recv_ctrlc
# net_recv_ctrlc: signals BEFORE recv = 0x100
# net_recv_ctrlc: signals AFTER recv = 0x80001100
# net_recv_ctrlc: CTRL_C still set after EINTR (correct)
# net_recv_ctrlc: recv rc=-1 errno=4 after 51 ticks
ok 5 - net_recv_ctrlc
# net_recv_ctrlc: post-CANCEL socket OK
# enter tc_socket_types
ok 6 - tc_socket_types
# enter tc_bind_udp
ok 7 - tc_bind_udp
# enter tc_bind_reuse
ok 8 - tc_bind_reuse
# enter tc_sockopt_matrix
ok 9 - tc_sockopt_matrix
# enter tc_multicast_join
ok 10 - tc_multicast_join
# enter tc_ioctl_ifconf
ok 11 - tc_ioctl_ifconf
# enter tc_ioctl_fionread
ok 12 - tc_ioctl_fionread
# enter tc_listen_accept_loopback
ok 13 - tc_listen_accept_loopback
# enter tc_connect_refused
ok 14 - tc_connect_refused
# enter tc_connect_refused_nb
ok 15 - tc_connect_refused_nb
# enter tc_nonblock_connect
# tc_nonblock_connect: rc=-1 errno=36 EINPROGRESS=36
# tc_nonblock_connect: calling waitselect s=1
# tc_nonblock_connect: waitselect returned 1 errno=36
ok 16 - tc_nonblock_connect
# enter tc_shutdown_wr
ok 17 - tc_shutdown_wr
# enter tc_getpeername
ok 18 - tc_getpeername
# enter tc_dns_a
ok 19 - tc_dns_a # SKIP external
# enter tc_dns_local
ok 20 - tc_dns_local
# enter tc_dns_fail
ok 21 - tc_dns_fail
# enter tc_errno_ptr
ok 22 - tc_errno_ptr
# enter tc_dup2
ok 23 - tc_dup2
# enter tc_waitselect_timeout
ok 24 - tc_waitselect_timeout
# enter tc_waitselect_eintr
ok 25 - tc_waitselect_eintr
# enter tc_waitselect_badf
ok 26 - tc_waitselect_badf
# enter tc_waitselect_no_sigio
ok 27 - tc_waitselect_no_sigio
# enter tc_sigio
ok 28 - tc_sigio
# enter tc_icmp_raw
ok 29 - tc_icmp_raw
# enter tc_sendmsg_iov
ok 30 - tc_sendmsg_iov
# enter tc_tcp_scatter_tnet115
# control: send=100 waitselect=1 recv=100
# waitselect_rc=1 recv_rc=100 errno=45 retries=1
ok 31 - tc_tcp_scatter_tnet115
# enter tc_recv_peek
ok 32 - tc_recv_peek
# enter tc_socket_events
ok 33 - tc_socket_events
# enter tc_sbtc_full
ok 34 - tc_sbtc_full
# enter tc_release_obtain
ok 35 - tc_release_obtain
# enter tc_every_vector_callable
ok 36 - tc_every_vector_callable
# enter tc_stats_counters
ok 37 - tc_stats_counters
# enter tc_wizard_layout
# tc_wizard_layout: stage: launching wizard
# tc_wizard_layout: stage: waiting for TOLUNNETSETUP port
# tc_wizard_layout: stage: page 0
# tc_wizard_layout: stage: scanning gadgets (page 0)
# tc_wizard_layout: stage: page 1
# tc_wizard_layout: stage: scanning gadgets (page 1)
# tc_wizard_layout: stage: page 2
# tc_wizard_layout: stage: scanning gadgets (page 2)
# tc_wizard_layout: stage: page 3
# tc_wizard_layout: stage: scanning gadgets (page 3)
# tc_wizard_layout: stage: page 4
# tc_wizard_layout: stage: scanning gadgets (page 4)
# tc_wizard_layout: stage: cancelling wizard
# tc_wizard_layout: violations=0 (borders 4/4/11/2)
ok 38 - tc_wizard_layout
# enter tc_wizard_checklist
# tc_wizard_checklist: geom checknodes=13
# tc_wizard_checklist: listview interior 267x77 at (178,51): 3059 of 20559 pixels non-background
# tc_wizard_checklist: result: nodes=13 nonbg=3059 threshold=200 maxtext=240 interior=268
ok 39 - tc_wizard_checklist
# enter tc_floppy_install
# tc_floppy_install: Work: blocks used=43953185 total=61047199 free~8547007 KB
# tc_floppy_install: script Execute rc=10
# tc_floppy_install: script output head: 200s
# tc_floppy_install: script output tail: tatus..copied.
           TolunnetSetup..copied.
           traceroute..copied.
           wget..copied.
           whois..copied.
        Libs (Dir)   [created]
           usergroup.library..copied.
   TolunnetPrefs..copied.
   TolunnetPrefs.info..copied.
 # tc_floppy_install: Work: blocks used=43953222 total=61047199 free~8546988 KB
# tc_floppy_install: expn=51 matched=51 gotn=51 mirrored=51
ok 40 - tc_floppy_install
# enter tc_wizard_wired
# tc_wizard_wired: write_roadshow default unchecked - no DEVS:NetInterfaces/Ethernet written
ok 41 - tc_wizard_wired
# enter tc_wizard_ntsc
ok 42 - tc_wizard_ntsc
# enter tc_wifi_scan_parse
ok 43 - tc_wifi_scan_parse
# enter tc_reconfig_rc
ok 44 - tc_reconfig_rc
# enter tc_probe_after_wizard_wired
ok 45 - tc_probe_after_wizard_wired
# enter tc_probe_after_wizard_ntsc
ok 46 - tc_probe_after_wizard_ntsc
# enter tc_probe_after_wifi_scan
ok 47 - tc_probe_after_wifi_scan
# enter tc_probe_after_reconfig
ok 48 - tc_probe_after_reconfig
# enter tc_link_events
ok 49 - tc_link_events # SKIP link flip not enabled for this driver (create WORK:linktest-on)
# enter tc_cmd_hostname
ok 50 - tc_cmd_hostname
# enter tc_cmd_nslookup
ok 51 - tc_cmd_nslookup
# enter tc_cmd_whois
ok 52 - tc_cmd_whois
# enter tc_cmd_traceroute
ok 53 - tc_cmd_traceroute
# enter tc_cmd_nc
ok 54 - tc_cmd_nc
# enter tc_cmd_sntp
ok 55 - tc_cmd_sntp
# enter tc_cmd_telnet
ok 56 - tc_cmd_telnet
# enter tc_cmd_tftp
ok 57 - tc_cmd_tftp
# enter tc_cmd_ftp
ok 58 - tc_cmd_ftp
# enter tc_cmd_arp
# tc_cmd_arp: gateway ARP resolves here: yes
ok 59 - tc_cmd_arp
# enter tc_cmd_shownetstatus
ok 60 - tc_cmd_shownetstatus
# enter tc_cmd_tolunnetcontrol
ok 61 - tc_cmd_tolunnetcontrol
# enter tc_cmd_getnetstatus
ok 62 - tc_cmd_getnetstatus
# enter tc_iperf_loopback
# iperf loopback: 101632 bytes in ~2s = 1017 KB/s
ok 63 - tc_iperf_loopback
# enter tc_cmd_ifctl
ok 64 - tc_cmd_ifctl
# enter tc_cmd_netshutdown
ok 65 - tc_cmd_netshutdown
# enter tc_cmd_route
ok 66 - tc_cmd_route
# enter tc_usergroup
# tc_usergroup: bsdsocket survived flush (socket ok)
ok 67 - tc_usergroup
# enter tc_install_script
ok 68 - tc_install_script
tolunnet: keeping existing S:User-Startup.tolunnet-bak
# enter tc_net_tcp_blocking_recv
ok 69 - net_tcp_blocking_recv
# enter tc_net_udp_connected_send
ok 70 - net_udp_connected_send
# enter tc_net_udp_unconnected_send
ok 71 - net_udp_unconnected_send
# enter tc_net_udp_connected_sendto_eisconn
ok 72 - net_udp_connected_sendto_eisconn
# enter tc_net_tcp_unconnected_recvfrom
ok 73 - net_tcp_unconnected_recvfrom
# enter tc_net_tcp_connected_recvfrom
ok 74 - net_tcp_connected_recvfrom
# enter tc_net_tcp_unconnected_sendto
ok 75 - net_tcp_unconnected_sendto
# enter tc_net_tcp_connected_sendto_ignored_to
ok 76 - net_tcp_connected_sendto_ignored_to
# enter tc_net_tcp_shutdown_sendto_epipe
ok 77 - net_tcp_shutdown_sendto_epipe
# enter tc_net_cmd_nc
ok 78 - net_cmd_nc
# enter tc_net_cmd_nc_udp
ok 79 - net_cmd_nc_udp
# enter tc_net_cmd_nc_listen
ok 80 - net_cmd_nc_listen
# enter tc_net_cmd_whois
ok 81 - net_cmd_whois
# enter tc_net_cmd_telnet
ok 82 - net_cmd_telnet
# enter tc_net_inet_ntoa
ok 83 - net_inet_ntoa
# enter tc_net_cmd_wget
ok 84 - net_cmd_wget
# enter tc_net_cmd_wget_continue
ok 85 - net_cmd_wget_continue
# enter tc_net_cmd_ftp
ok 86 - net_cmd_ftp
# enter tc_net_cmd_ftp_put
ok 87 - net_cmd_ftp_put
# enter tc_net_cmd_sntp
ok 88 - net_cmd_sntp
# enter tc_net_cmd_traceroute
ok 89 - net_cmd_traceroute
# enter tc_net_cmd_tftp
ok 90 - net_cmd_tftp
# enter tc_net_cmd_tftp_big
ok 91 - net_cmd_tftp_big
# enter tc_net_cmd_status_live
ok 92 - net_cmd_status_live
# enter tc_net_cmd_status_down
ok 93 - net_cmd_status_down
# enter tc_net_cmd_status_route
ok 94 - net_cmd_status_route
# enter tc_net_cmd_route_host
ok 95 - net_cmd_route_host
# enter tc_net_cmd_netshutdown
TolunnetControl: starting C:tolunnet...
ok 96 - net_cmd_netshutdown
tolunnet: daemon started in background (32 KB stack)
# enter tc_net_cmd_hostname_set
ok 97 - net_cmd_hostname_set
# enter tc_net_cmd_ping_ttl
ok 98 - net_cmd_ping_ttl
# enter tc_net_cmd_ping_self
ok 99 - net_cmd_ping_self
# enter tc_net_cmd_ping_gw
ok 100 - net_cmd_ping_gw
# enter tc_net_cmd_nslookup_server
ok 101 - net_cmd_nslookup_server
# enter tc_net_cmd_nslookup_ptr
ok 102 - net_cmd_nslookup_ptr
# enter tc_net_checks_ok
# tc_net_checks_ok: address 1 - address 10.0.2.15
# tc_net_checks_ok: ping 1 - ping 127.0.0.1 replied
# tc_net_checks_ok: dns 1 - resolved tolunbench.test to 10.0.2.55 via 10.0.2.2
# tc_net_checks_ok: tcp 1 - tcp 10.0.2.2:15880 connected
ok 103 - tc_net_checks_ok
# enter tc_net_checks_fail
# tc_net_checks_fail: address 1 - address 10.0.2.15
# tc_net_checks_fail: ping 0 - ping 10.255.255.1 got no reply
# tc_net_checks_fail: dns 0 - cannot resolve nx.invalid via 10.0.2.2
# tc_net_checks_fail: tcp 0 - tcp 127.0.0.1:1 refused or failed
ok 104 - tc_net_checks_fail
# enter tc_prefs_opens
# tc_prefs_opens: window up after 4 polls; shot WORK:prefs-opens-ntsc.iff ok=1
ok 105 - tc_prefs_opens
# enter tc_prefs_layout
# tc_prefs_layout: 19 gadgets copied
# tc_prefs_layout: gadget 0 type=260 rect=(122,18,140,8) lab=Device: text=ethernet.device
# tc_prefs_layout: gadget 1 type=260 rect=(394,18,28,8) lab=Unit: text=0
# tc_prefs_layout: gadget 2 type=257 rect=(116,35,168,14) lab=Config Mode: text=(n/a)
# tc_prefs_layout: gadget 3 type=260 rect=(394,38,52,8) lab=MTU: text=1500
# tc_prefs_layout: gadget 4 type=260 rect=(122,58,140,8) lab=IP Address: text=
# tc_prefs_layout: gadget 5 type=260 rect=(394,58,148,8) lab=Netmask: text=
# tc_prefs_layout: gadget 6 type=260 rect=(122,78,140,8) lab=Gateway: text=
# tc_prefs_layout: gadget 7 type=260 rect=(394,78,148,8) lab=DNS 1: text=127.0.0.1
# tc_prefs_layout: gadget 8 type=260 rect=(122,98,140,8) lab=DNS 2: text=
# tc_prefs_layout: gadget 9 type=260 rect=(394,98,148,8) lab=Host Name: text=amiga
# tc_prefs_layout: gadget 10 type=257 rect=(12,118,26,11) lab=Large text (wizard) text=(n/a)
# tc_prefs_layout: gadget 11 type=257 rect=(12,138,56,16) lab= text=(n/a)
# tc_prefs_layout: gadget 12 type=257 rect=(74,138,48,16) lab= text=(n/a)
# tc_prefs_layout: gadget 13 type=257 rect=(128,138,63,16) lab= text=(n/a)
# tc_prefs_layout: gadget 14 type=257 rect=(197,138,55,16) lab= text=(n/a)
# tc_prefs_layout: gadget 15 type=257 rect=(258,138,87,16) lab= text=(n/a)
# tc_prefs_layout: gadget 16 type=257 rect=(351,138,55,16) lab= text=(n/a)
# tc_prefs_layout: gadget 17 type=257 rect=(412,138,55,16) lab= text=(n/a)
# tc_prefs_layout: gadget 18 type=257 rect=(473,138,71,16) lab= text=(n/a)
# tc_prefs_layout: (g) first x=12 margin 8, last right 544, inner right 552 margin 8
ok 106 - tc_prefs_layout
# enter tc_cmd_stop_start
TolunnetControl: STOP...
# tc_cmd_stop_start: post-refusal TCP loopback OK (timers alive)
tolunnet: cannot stop daemon: clients still open (EBUSY)
TolunnetControl: STOP...
tolunnet: daemon stopped
TolunnetControl: starting C:tolunnet...
tolunnet: daemon started in background (32 KB stack)
TolunnetControl: STOP...
ok 107 - tc_cmd_stop_start
tolunnet: daemon stopped
# enter tc_daemon_noconfig_start
ok 108 - tc_daemon_noconfig_start
# enter tc_undo_sandbox
ok 109 - tc_undo_sandbox
ok 110 - tc_installer_pretend # SKIP real Installer is GUI-bound headlessly (STOP-REPORT 11ac)
# enter tc_prefs_save_keeps_old
# tc_prefs_save_keeps_old: rc1=1 rc2=1 stage=70 new=1 bak=1 tmp_absent=1
ok 111 - tc_prefs_save_keeps_old
# enter tc_safe_replace
# tc_safe_replace: (a)=1 (b)=1 (c)=1
ok 112 - tc_safe_replace
# enter tc_boot_block
# tc_boot_block: (a)=1 (b)=1 (c)=1 (d)=1 (e)=1 orig_len=6690
ok 113 - tc_boot_block
1..113
# bench: asking daemon to stop (restart-cycle proof)
