Archive member included to satisfy reference by file (symbol)

/home/tolon/opt/m68k-amigaos/m68k-amigaos/libnix/lib/libnix20.a(__mulsi3.o)
                              build/src/common/inet_parse.o (__mulsi3)
/home/tolon/opt/m68k-amigaos/m68k-amigaos/libnix/lib/libnix20.a(__nocommandline.o)
                              /home/tolon/opt/m68k-amigaos/m68k-amigaos/libnix/lib/ncrt0.o (__nocommandline)
/home/tolon/opt/m68k-amigaos/m68k-amigaos/libnix/lib/libnix20.a(__udivsi3.o)
                              build/src/common/log_format.o (__umodsi3)
/home/tolon/opt/m68k-amigaos/m68k-amigaos/libnix/lib/libnixmain.a(__stdiowin.o)
                              /home/tolon/opt/m68k-amigaos/m68k-amigaos/libnix/lib/libnix20.a(__nocommandline.o) (__stdiowin)
/home/tolon/opt/m68k-amigaos/m68k-amigaos/libnix/lib/libnix.a(__initcpp.o)
                              /home/tolon/opt/m68k-amigaos/m68k-amigaos/libnix/lib/ncrt0.o (__initcpp)
/home/tolon/opt/m68k-amigaos/m68k-amigaos/libnix/lib/libnix.a(__initlibraries.o)
                              /home/tolon/opt/m68k-amigaos/m68k-amigaos/libnix/lib/ncrt0.o (__initlibraries)
/home/tolon/opt/m68k-amigaos/m68k-amigaos/libnix/lib/libnix.a(_ctype_.o)
                              build/src/setup/stack_detect.o (_ctype_)
/home/tolon/opt/m68k-amigaos/m68k-amigaos/libnix/lib/libnix.a(memcpy.o)
                              build/src/setup/stack_detect.o (memcpy)
/home/tolon/opt/m68k-amigaos/m68k-amigaos/libnix/lib/libnix.a(snprintf.o)
                              build/src/cmds/TolunnetPrefs.o (snprintf)
/home/tolon/opt/m68k-amigaos/m68k-amigaos/libnix/lib/libnix.a(strchr.o)
                              build/src/common/config_text.o (strchr)
/home/tolon/opt/m68k-amigaos/m68k-amigaos/libnix/lib/libnix.a(strlen.o)
                              build/src/common/prefs.o (strlen)
/home/tolon/opt/m68k-amigaos/m68k-amigaos/libnix/lib/libnix.a(strncpy.o)
                              build/src/setup/stack_detect.o (strncpy)
/home/tolon/opt/m68k-amigaos/m68k-amigaos/libnix/lib/libnix.a(strstr.o)
                              build/src/setup/stack_detect.o (strstr)
/home/tolon/opt/m68k-amigaos/m68k-amigaos/libnix/lib/libnix.a(vsnprintf.o)
                              /home/tolon/opt/m68k-amigaos/m68k-amigaos/libnix/lib/libnix.a(snprintf.o) (vsnprintf)
/home/tolon/opt/m68k-amigaos/m68k-amigaos/libnix/lib/libnix.a(__vfprintf_total_size.o)
                              /home/tolon/opt/m68k-amigaos/m68k-amigaos/libnix/lib/libnix.a(vsnprintf.o) (__vfprintf_total_size)
/home/tolon/opt/m68k-amigaos/m68k-amigaos/libnix/lib/libnix.a(putc.o)
                              /home/tolon/opt/m68k-amigaos/m68k-amigaos/libnix/lib/libnix.a(__vfprintf_total_size.o) (putc)
/home/tolon/opt/m68k-amigaos/m68k-amigaos/libnix/lib/libnix.a(__swbuf.o)
                              /home/tolon/opt/m68k-amigaos/m68k-amigaos/libnix/lib/libnix.a(putc.o) (__swbuf)
/home/tolon/opt/m68k-amigaos/m68k-amigaos/libnix/lib/libnix.a(__ulldivus.o)
                              /home/tolon/opt/m68k-amigaos/m68k-amigaos/libnix/lib/libnix.a(__vfprintf_total_size.o) (__ulldivus)
/home/tolon/opt/m68k-amigaos/m68k-amigaos/libnix/lib/libnix.a(__fflush.o)
                              /home/tolon/opt/m68k-amigaos/m68k-amigaos/libnix/lib/libnix.a(__swbuf.o) (__fflush)
/home/tolon/opt/m68k-amigaos/m68k-amigaos/libnix/lib/libnix.a(write.o)
                              /home/tolon/opt/m68k-amigaos/m68k-amigaos/libnix/lib/libnix.a(__fflush.o) (write)
/home/tolon/opt/m68k-amigaos/m68k-amigaos/libnix/lib/libnix.a(__chkabort.o)
                              /home/tolon/opt/m68k-amigaos/m68k-amigaos/libnix/lib/libnix.a(write.o) (__chkabort)
/home/tolon/opt/m68k-amigaos/m68k-amigaos/libnix/lib/libnix.a(__seterrno.o)
                              /home/tolon/opt/m68k-amigaos/m68k-amigaos/libnix/lib/libnix.a(write.o) (__seterrno)
/home/tolon/opt/m68k-amigaos/m68k-amigaos/libnix/lib/libnix.a(raise.o)
                              /home/tolon/opt/m68k-amigaos/m68k-amigaos/libnix/lib/libnix.a(__chkabort.o) (raise)
/home/tolon/opt/m68k-amigaos/m68k-amigaos/libnix/lib/libnix.a(__signalfunc.o)
                              /home/tolon/opt/m68k-amigaos/m68k-amigaos/libnix/lib/libnix.a(raise.o) (__signalfunc)
/home/tolon/opt/m68k-amigaos/m68k-amigaos/lib//libstubs.a(dos.o)
                              build/src/cmds/TolunnetPrefs.o (DOSBase)
/home/tolon/opt/m68k-amigaos/m68k-amigaos/lib//libstubs.a(utility.o)
                              /home/tolon/opt/m68k-amigaos/m68k-amigaos/libnix/lib/libnix20.a(__mulsi3.o) (UtilityBase)
/home/tolon/opt/m68k-amigaos/m68k-amigaos/libnix/lib/libnix20.a(__initstdio.o)
                              /home/tolon/opt/m68k-amigaos/m68k-amigaos/libnix/lib/libnix.a(write.o) (_lx_fhfromfd)
/home/tolon/opt/m68k-amigaos/m68k-amigaos/libnix/lib/libnix20.a(__sf.o)
                              /home/tolon/opt/m68k-amigaos/m68k-amigaos/libnix/lib/libnix.a(__swbuf.o) (__errno)
/home/tolon/opt/m68k-amigaos/m68k-amigaos/libnix/lib/libnix.a(__bufsiz.o)
                              /home/tolon/opt/m68k-amigaos/m68k-amigaos/libnix/lib/libnix20.a(__initstdio.o) (__BUFSIZE)
/home/tolon/opt/m68k-amigaos/m68k-amigaos/libnix/lib/libnix.a(malloc.o)
                              /home/tolon/opt/m68k-amigaos/m68k-amigaos/libnix/lib/libnix20.a(__initstdio.o) (malloc)
/home/tolon/opt/m68k-amigaos/m68k-amigaos/libnix/lib/libnix.a(_MSTEP.o)
                              /home/tolon/opt/m68k-amigaos/m68k-amigaos/libnix/lib/libnix.a(malloc.o) (__MEMORY_STEP)

Allocating common symbols
Common symbol       size              file

_WBenchMsg          0x4               /home/tolon/opt/m68k-amigaos/m68k-amigaos/libnix/lib/ncrt0.o
__memsema           0x4               /home/tolon/opt/m68k-amigaos/m68k-amigaos/libnix/lib/libnix.a(malloc.o)
__stdfiledes        0x4               /home/tolon/opt/m68k-amigaos/m68k-amigaos/libnix/lib/libnix20.a(__initstdio.o)
__memorylist        0xc               /home/tolon/opt/m68k-amigaos/m68k-amigaos/libnix/lib/libnix.a(malloc.o)
__argv              0x4               /home/tolon/opt/m68k-amigaos/m68k-amigaos/libnix/lib/ncrt0.o
__stdfilesize       0x4               /home/tolon/opt/m68k-amigaos/m68k-amigaos/libnix/lib/libnix20.a(__initstdio.o)
__commandlen        0x4               /home/tolon/opt/m68k-amigaos/m68k-amigaos/libnix/lib/ncrt0.o
__commandline       0x4               /home/tolon/opt/m68k-amigaos/m68k-amigaos/libnix/lib/ncrt0.o
__env               0x4               /home/tolon/opt/m68k-amigaos/m68k-amigaos/libnix/lib/ncrt0.o
__argc              0x4               /home/tolon/opt/m68k-amigaos/m68k-amigaos/libnix/lib/ncrt0.o

Memory Configuration

Name             Origin             Length             Attributes
*default*        0x0000000000000000 0xffffffffffffffff

Linker script and memory map

LOAD /home/tolon/opt/m68k-amigaos/m68k-amigaos/libnix/lib/ncrt0.o
LOAD build/src/cmds/TolunnetPrefs.o
LOAD build/src/common/prefs.o
LOAD build/src/common/log.o
LOAD build/src/common/log_format.o
LOAD build/src/common/config_text.o
LOAD build/src/common/inet_parse.o
LOAD build/src/common/sbtc_dispatch.o
LOAD build/src/common/fdset_util.o
LOAD build/src/common/ipc_client.o
LOAD build/src/setup/stack_detect.o
LOAD build/src/task/crash_log.o
LOAD build/src/task/crash_trap.o
START GROUP
LOAD /home/tolon/opt/m68k-amigaos/m68k-amigaos/libnix/lib/libnix20.a
LOAD /home/tolon/opt/m68k-amigaos/m68k-amigaos/libnix/lib/libnixmain.a
LOAD /home/tolon/opt/m68k-amigaos/m68k-amigaos/libnix/lib/libnix.a
LOAD /home/tolon/opt/m68k-amigaos/m68k-amigaos/lib//libstubs.a
LOAD /home/tolon/opt/m68k-amigaos/m68k-amigaos/lib//libamiga.a
LOAD /home/tolon/opt/m68k-amigaos/lib/gcc/m68k-amigaos/6.5.0b/libgcc.a
END GROUP
                [!provide]                        PROVIDE (___machtype = 0x0)
                0x0000000000000000                . = 0x0

.text           0x0000000000000000     0xa708
                0x0000000000000000                __stext = .
 *(.text)
 .text          0x0000000000000000       0xd8 /home/tolon/opt/m68k-amigaos/m68k-amigaos/libnix/lib/ncrt0.o
                0x0000000000000000                start
                0x0000000000000064                _exit
                0x0000000000000064                exit
                0x000000000000007c                _Exit
                0x000000000000007c                ___exit
                0x00000000000000d4                __main
 .text          0x00000000000000d8     0x1d38 build/src/cmds/TolunnetPrefs.o
                0x0000000000000726                main
 .text          0x0000000000001e10      0x174 build/src/cmds/TolunnetPrefs.o
 .text          0x0000000000001f84      0x6f8 build/src/common/prefs.o
                0x0000000000002146                tn_prefs_load
                0x00000000000025b4                tn_prefs_any_store_exists
                0x00000000000025ee                tn_prefs_save
 .text          0x000000000000267c      0x284 build/src/common/log.o
                0x000000000000267c                tn_log_ring_enable
                0x0000000000002686                tn_log_ring_snapshot
                0x000000000000268e                tn_log_ring_count
                0x0000000000002696                tn_log
                0x000000000000279c                tn_log_open_file
                0x0000000000002890                tn_log_close_file
                0x00000000000028ae                tn_logf
 .text          0x0000000000002900      0x6b0 build/src/common/log_format.o
                0x000000000000292a                tn_logf_vformat
 .text          0x0000000000002fb0     0x207c build/src/common/config_text.o
                0x0000000000002fc6                tn_prefs_default
                0x000000000000305c                tn_str_equal_nocase
                0x00000000000030e2                tn_str_copy_clean
                0x000000000000329c                tn_config_parse_line
                0x00000000000042f2                tn_config_format
                0x0000000000004998                tn_recfg_effective_loglevel
                0x00000000000049bc                tn_recfg_diff
                0x0000000000004b9e                tn_recfg_key_name
                0x0000000000004d60                tn_config_key_known
                0x0000000000004d74                tn_config_value_class
                0x0000000000004dc8                tn_config_merge_preserve
 .text          0x000000000000502c       0x9c build/src/common/config_text.o
 .text          0x00000000000050c8      0x26c build/src/common/inet_parse.o
                0x00000000000050c8                tn_inet_addr_parse_ex
                0x00000000000050dc                tn_inet_addr_parse
 .text          0x0000000000005334      0x6a4 build/src/common/sbtc_dispatch.o
                0x0000000000005334                tn_sbtc_dispatch_tag
 .text          0x00000000000059d8       0x80 build/src/common/fdset_util.o
                0x00000000000059d8                tn_fdset_check_nfds
                0x00000000000059e6                tn_waitselect_timeout_ms
 .text          0x0000000000005a58      0x1e4 build/src/common/ipc_client.o
                0x0000000000005a66                tn_ipc_oneshot_ex
                0x0000000000005c1c                tn_ipc_oneshot
 .text          0x0000000000005c3c     0x1b58 build/src/setup/stack_detect.o
                0x0000000000005d6c                tn_parse_startup_script
                0x0000000000006052                tn_uncomment_startup_script
                0x0000000000006462                tn_stack_detect_all
                0x0000000000006dda                tn_stack_apply_replacement
                0x00000000000071bc                tn_stack_undo_replacement
                0x000000000000742c                tn_stack_request_quit
 .text          0x0000000000007794     0x1060 build/src/task/crash_log.o
                0x00000000000078e4                tn_crash_entry
                0x0000000000008750                tn_crash_arm
                0x000000000000875c                tn_crash_arm_path
                0x00000000000087d8                tn_crash_last
 .text          0x00000000000087f4       0x1c build/src/task/crash_trap.o
                0x00000000000087f4                tn_crash_trap_asm
 .text          0x0000000000008810       0x10 /home/tolon/opt/m68k-amigaos/m68k-amigaos/libnix/lib/libnix20.a(__mulsi3.o)
                0x0000000000008810                __mulsi3
 .text          0x0000000000008820      0x28c /home/tolon/opt/m68k-amigaos/m68k-amigaos/libnix/lib/libnix20.a(__nocommandline.o)
                0x0000000000008820                __nocommandline
                0x0000000000008a22                __exitcommandline
 .text          0x0000000000008aac       0x1c /home/tolon/opt/m68k-amigaos/m68k-amigaos/libnix/lib/libnix20.a(__udivsi3.o)
                0x0000000000008aac                __umodsi3
                0x0000000000008ab8                __udivsi3
 .text          0x0000000000008ac8       0x1c /home/tolon/opt/m68k-amigaos/m68k-amigaos/libnix/lib/libnixmain.a(__stdiowin.o)
 .text          0x0000000000008ae4       0x40 /home/tolon/opt/m68k-amigaos/m68k-amigaos/libnix/lib/libnix.a(__initcpp.o)
                0x0000000000008ae4                __initcpp
                0x0000000000008b08                __exitcpp
 .text          0x0000000000008b24       0xe0 /home/tolon/opt/m68k-amigaos/m68k-amigaos/libnix/lib/libnix.a(__initlibraries.o)
                0x0000000000008b6c                __initlibraries
                0x0000000000008bc2                __exitlibraries
 .text          0x0000000000008c04       0x80 /home/tolon/opt/m68k-amigaos/m68k-amigaos/libnix/lib/libnix.a(__initlibraries.o)
 .text          0x0000000000008c84      0x10c /home/tolon/opt/m68k-amigaos/m68k-amigaos/libnix/lib/libnix.a(_ctype_.o)
                0x0000000000008c84                _ctype___data
                0x0000000000008d88                __locale_ctype_
 .text          0x0000000000008d90       0x24 /home/tolon/opt/m68k-amigaos/m68k-amigaos/libnix/lib/libnix.a(memcpy.o)
                0x0000000000008d90                memcpy
 .text          0x0000000000008db4       0x20 /home/tolon/opt/m68k-amigaos/m68k-amigaos/libnix/lib/libnix.a(snprintf.o)
                0x0000000000008db4                snprintf
 .text          0x0000000000008dd4       0x1c /home/tolon/opt/m68k-amigaos/m68k-amigaos/libnix/lib/libnix.a(strchr.o)
                0x0000000000008dd4                strchr
                0x0000000000008dd4                index
 .text          0x0000000000008df0       0x10 /home/tolon/opt/m68k-amigaos/m68k-amigaos/libnix/lib/libnix.a(strlen.o)
                0x0000000000008df0                strlen
 .text          0x0000000000008e00       0x24 /home/tolon/opt/m68k-amigaos/m68k-amigaos/libnix/lib/libnix.a(strncpy.o)
                0x0000000000008e00                strncpy
 .text          0x0000000000008e24       0x34 /home/tolon/opt/m68k-amigaos/m68k-amigaos/libnix/lib/libnix.a(strstr.o)
                0x0000000000008e24                strstr
 .text          0x0000000000008e58       0x9c /home/tolon/opt/m68k-amigaos/m68k-amigaos/libnix/lib/libnix.a(vsnprintf.o)
                0x0000000000008e58                vsnprintf
 .text          0x0000000000008ef4      0xb48 /home/tolon/opt/m68k-amigaos/m68k-amigaos/libnix/lib/libnix.a(__vfprintf_total_size.o)
                0x0000000000008efc                __vfprintf_total_size
 .text          0x0000000000009a3c       0x44 /home/tolon/opt/m68k-amigaos/m68k-amigaos/libnix/lib/libnix.a(putc.o)
                0x0000000000009a3c                putc
 .text          0x0000000000009a80       0xe0 /home/tolon/opt/m68k-amigaos/m68k-amigaos/libnix/lib/libnix.a(__swbuf.o)
                0x0000000000009a80                __swbuf
 .text          0x0000000000009b60       0xb8 /home/tolon/opt/m68k-amigaos/m68k-amigaos/libnix/lib/libnix.a(__ulldivus.o)
                0x0000000000009b60                __ulldivus
 .text          0x0000000000009c18       0x84 /home/tolon/opt/m68k-amigaos/m68k-amigaos/libnix/lib/libnix.a(__fflush.o)
                0x0000000000009c18                __fflush
 .text          0x0000000000009c9c       0x9c /home/tolon/opt/m68k-amigaos/m68k-amigaos/libnix/lib/libnix.a(write.o)
                0x0000000000009c9c                write
 .text          0x0000000000009d38       0x30 /home/tolon/opt/m68k-amigaos/m68k-amigaos/libnix/lib/libnix.a(__chkabort.o)
                0x0000000000009d38                __chkabort
 .text          0x0000000000009d68       0x3c /home/tolon/opt/m68k-amigaos/m68k-amigaos/libnix/lib/libnix.a(__seterrno.o)
                0x0000000000009d68                __seterrno
 .text          0x0000000000009da4       0xe4 /home/tolon/opt/m68k-amigaos/m68k-amigaos/libnix/lib/libnix.a(raise.o)
                0x0000000000009dae                raise
 .text          0x0000000000009e88        0x0 /home/tolon/opt/m68k-amigaos/m68k-amigaos/libnix/lib/libnix.a(__signalfunc.o)
 .text          0x0000000000009e88        0xc /home/tolon/opt/m68k-amigaos/m68k-amigaos/lib//libstubs.a(dos.o)
 .text          0x0000000000009e94       0x10 /home/tolon/opt/m68k-amigaos/m68k-amigaos/lib//libstubs.a(utility.o)
 .text          0x0000000000009ea4      0x5c4 /home/tolon/opt/m68k-amigaos/m68k-amigaos/libnix/lib/libnix20.a(__initstdio.o)
                0x0000000000009ea4                _setup_file
                0x0000000000009ee4                isatty
                0x0000000000009f18                _lx_fhfromfd
                0x0000000000009f40                fdopen
                0x000000000000a062                __fclose
                0x000000000000a1a6                __initstdio
                0x000000000000a2ee                close
                0x000000000000a35a                fclose
                0x000000000000a3ea                __exitstdio
 .text          0x000000000000a468        0x0 /home/tolon/opt/m68k-amigaos/m68k-amigaos/libnix/lib/libnix20.a(__sf.o)
 .text          0x000000000000a468        0x0 /home/tolon/opt/m68k-amigaos/m68k-amigaos/libnix/lib/libnix.a(__bufsiz.o)
 .text          0x000000000000a468      0x23c /home/tolon/opt/m68k-amigaos/m68k-amigaos/libnix/lib/libnix.a(malloc.o)
                0x000000000000a468                malloc
                0x000000000000a56a                free
                0x000000000000a60a                __initmalloc
                0x000000000000a64c                __exitmalloc
 .text          0x000000000000a6a4        0x0 /home/tolon/opt/m68k-amigaos/m68k-amigaos/libnix/lib/libnix.a(_MSTEP.o)
 *(.text.main)
 *(.text*)
 *(_*)
 *(.rodata*)
 *(.data.rel.ro*)
 *(.gnu.linkonce.t.*)
 *(.gnu.linkonce.r.*)
 *(.gcc_except_table*)
 *(SORT_BY_NAME(.list___EH_FRAME*))
 *(SORT_BY_NAME(.list_*))
 .list___CTOR_LIST__
                0x000000000000a6a4        0x4 /home/tolon/opt/m68k-amigaos/m68k-amigaos/libnix/lib/ncrt0.o
                0x000000000000a6a4                __CTOR_LIST__
 .list___DTOR_LIST__
                0x000000000000a6a8        0x4 /home/tolon/opt/m68k-amigaos/m68k-amigaos/libnix/lib/ncrt0.o
                0x000000000000a6a8                __DTOR_LIST__
 .list___EXIT_LIST__
                0x000000000000a6ac        0x4 /home/tolon/opt/m68k-amigaos/m68k-amigaos/libnix/lib/ncrt0.o
                0x000000000000a6ac                __EXIT_LIST__
 .list___EXIT_LIST__
                0x000000000000a6b0        0x8 /home/tolon/opt/m68k-amigaos/m68k-amigaos/libnix/lib/libnix20.a(__nocommandline.o)
 .list___EXIT_LIST__
                0x000000000000a6b8        0x8 /home/tolon/opt/m68k-amigaos/m68k-amigaos/libnix/lib/libnix.a(__initcpp.o)
 .list___EXIT_LIST__
                0x000000000000a6c0        0x8 /home/tolon/opt/m68k-amigaos/m68k-amigaos/libnix/lib/libnix.a(__initlibraries.o)
 .list___EXIT_LIST__
                0x000000000000a6c8        0x8 /home/tolon/opt/m68k-amigaos/m68k-amigaos/libnix/lib/libnix20.a(__initstdio.o)
 .list___EXIT_LIST__
                0x000000000000a6d0        0x8 /home/tolon/opt/m68k-amigaos/m68k-amigaos/libnix/lib/libnix.a(malloc.o)
 .list___INIT_LIST__
                0x000000000000a6d8        0x4 /home/tolon/opt/m68k-amigaos/m68k-amigaos/libnix/lib/ncrt0.o
                0x000000000000a6d8                __INIT_LIST__
 .list___INIT_LIST__
                0x000000000000a6dc        0x8 /home/tolon/opt/m68k-amigaos/m68k-amigaos/libnix/lib/libnix20.a(__nocommandline.o)
 .list___INIT_LIST__
                0x000000000000a6e4        0x8 /home/tolon/opt/m68k-amigaos/m68k-amigaos/libnix/lib/libnix.a(__initcpp.o)
 .list___INIT_LIST__
                0x000000000000a6ec        0x8 /home/tolon/opt/m68k-amigaos/m68k-amigaos/libnix/lib/libnix.a(__initlibraries.o)
 .list___INIT_LIST__
                0x000000000000a6f4        0x8 /home/tolon/opt/m68k-amigaos/m68k-amigaos/libnix/lib/libnix20.a(__initstdio.o)
 .list___INIT_LIST__
                0x000000000000a6fc        0x8 /home/tolon/opt/m68k-amigaos/m68k-amigaos/libnix/lib/libnix.a(malloc.o)
 *(.end_of_lists)
 .end_of_lists  0x000000000000a704        0x4 /home/tolon/opt/m68k-amigaos/m68k-amigaos/libnix/lib/ncrt0.o
                0x000000000000a708                ___datadata_relocs = .
                0x000000000000a708                __etext = .
                0x000000000000a708                ___text_size = SIZEOF (.text)
                0x000000000000a708                . = ALIGN (0x0)

.data           0x000000000000a708      0x164
                0x000000000000a708                __sdata = .
 *(.data)
 .data          0x000000000000a708        0xc /home/tolon/opt/m68k-amigaos/m68k-amigaos/libnix/lib/ncrt0.o
                0x000000000000a708                SysBase
                0x000000000000a70c                __SaveSP
 .data          0x000000000000a714       0x3c build/src/cmds/TolunnetPrefs.o
                0x000000000000a714                __stack
 .data          0x000000000000a750        0x4 build/src/task/crash_log.o
 .data          0x000000000000a754        0x4 build/src/task/crash_trap.o
 .data          0x000000000000a758        0x4 /home/tolon/opt/m68k-amigaos/m68k-amigaos/libnix/lib/libnixmain.a(__stdiowin.o)
                0x000000000000a758                __stdiowin
 .data          0x000000000000a75c        0x4 /home/tolon/opt/m68k-amigaos/m68k-amigaos/libnix/lib/libnix.a(_ctype_.o)
                0x000000000000a75c                _ctype_
 .data          0x000000000000a760       0xd0 /home/tolon/opt/m68k-amigaos/m68k-amigaos/libnix/lib/libnix.a(__seterrno.o)
 .data          0x000000000000a830        0xc /home/tolon/opt/m68k-amigaos/m68k-amigaos/libnix/lib/libnix20.a(__initstdio.o)
                0x000000000000a830                ___filelist
 .data          0x000000000000a83c        0x8 /home/tolon/opt/m68k-amigaos/m68k-amigaos/libnix/lib/libnix20.a(__sf.o)
                0x000000000000a83c                __errno
                0x000000000000a840                __sF
 .data          0x000000000000a844        0x8 /home/tolon/opt/m68k-amigaos/m68k-amigaos/libnix/lib/libnix.a(__bufsiz.o)
                0x000000000000a844                __BUFSIZ__data
                0x000000000000a848                __BUFSIZE
 .data          0x000000000000a84c        0x8 /home/tolon/opt/m68k-amigaos/m68k-amigaos/libnix/lib/libnix.a(_MSTEP.o)
                0x000000000000a84c                ___MEMORY_STEP__data
                0x000000000000a850                __MEMORY_STEP
 *(SORT_BY_NAME(.data.*))
 *(SORT_BY_NAME(.dlist___EH_FRAME_OBJECT*))
 *(SORT_BY_NAME(.dlist_*))
 .dlist___LIB_LIST__
                0x000000000000a854        0x4 /home/tolon/opt/m68k-amigaos/m68k-amigaos/libnix/lib/ncrt0.o
                0x000000000000a854                __LIB_LIST__
 .dlist___LIB_LIST__
                0x000000000000a858        0x8 /home/tolon/opt/m68k-amigaos/m68k-amigaos/lib//libstubs.a(dos.o)
                0x000000000000a858                DOSBase
 .dlist___LIB_LIST__
                0x000000000000a860        0x8 /home/tolon/opt/m68k-amigaos/m68k-amigaos/lib//libstubs.a(utility.o)
                0x000000000000a860                UtilityBase
 *(.end_of_dlists)
 .end_of_dlists
                0x000000000000a868        0x4 /home/tolon/opt/m68k-amigaos/m68k-amigaos/libnix/lib/ncrt0.o
 *(.data.__EH_FRAME_OBJECT__*)
 *(.gnu.linkonce.d.*)
                0x000000000000a86c                __edata = .
                0x0000000000000164                ___data_size = SIZEOF (.data)

.bss            0x000000000000a86c     0x17ac
                0x000000000000a86c                __bss_start = .
 *(.bss)
 .bss           0x000000000000a86c        0x4 /home/tolon/opt/m68k-amigaos/m68k-amigaos/libnix/lib/ncrt0.o
 .bss           0x000000000000a870       0x10 build/src/cmds/TolunnetPrefs.o
                0x000000000000a870                IntuitionBase
                0x000000000000a874                GfxBase
                0x000000000000a878                GadToolsBase
                0x000000000000a87c                IconBase
 .bss           0x000000000000a880        0x4 build/src/common/prefs.o
                0x000000000000a880                tn_prefs_last_stage
 .bss           0x000000000000a884      0x61c build/src/common/log.o
                0x000000000000a884                g_log_dos
                0x000000000000a888                g_log_file
                0x000000000000a88c                g_log_level
                0x000000000000a890                g_log_sink
 .bss           0x000000000000aea0     0x1108 build/src/task/crash_log.o
 .bss           0x000000000000bfa8        0xc /home/tolon/opt/m68k-amigaos/m68k-amigaos/libnix/lib/libnix20.a(__nocommandline.o)
 .bss           0x000000000000bfb4       0x20 /home/tolon/opt/m68k-amigaos/m68k-amigaos/libnix/lib/libnix.a(__signalfunc.o)
                0x000000000000bfb4                __signalfunc
                0x000000000000bfcc                __signalpending
                0x000000000000bfd0                __signalmask
 .bss           0x000000000000bfd4        0x4 /home/tolon/opt/m68k-amigaos/m68k-amigaos/libnix/lib/libnix20.a(__initstdio.o)
 .bss           0x000000000000bfd8       0x10 /home/tolon/opt/m68k-amigaos/m68k-amigaos/libnix/lib/libnix20.a(__sf.o)
                0x000000000000bfd8                ___stdin
                0x000000000000bfd8                _impure_ptr__data
                0x000000000000bfd8                __errno__data
                0x000000000000bfdc                __sF__data
 .bss           0x000000000000bfe8        0x0 /home/tolon/opt/m68k-amigaos/m68k-amigaos/libnix/lib/libnix.a(malloc.o)
 *(.bss.*)
 *(COMMON)
 COMMON         0x000000000000bfe8       0x18 /home/tolon/opt/m68k-amigaos/m68k-amigaos/libnix/lib/ncrt0.o
                0x000000000000bfe8                _WBenchMsg
                0x000000000000bfec                __argv
                0x000000000000bff0                __commandlen
                0x000000000000bff4                __commandline
                0x000000000000bff8                __env
                0x000000000000bffc                __argc
 COMMON         0x000000000000c000        0x8 /home/tolon/opt/m68k-amigaos/m68k-amigaos/libnix/lib/libnix20.a(__initstdio.o)
                0x000000000000c000                __stdfiledes
                0x000000000000c004                __stdfilesize
 COMMON         0x000000000000c008       0x10 /home/tolon/opt/m68k-amigaos/m68k-amigaos/libnix/lib/libnix.a(malloc.o)
                0x000000000000c008                __memsema
                0x000000000000c00c                __memorylist
                0x000000000000c018                __end = .
                0x00000000000017ac                ___bss_size = SIZEOF (.bss)

.datachip
 *(.datachip)

.bsschip
 *(.bsschip)

.dwarf2         0x000000000000c018        0x0
                0x000000000000c018                __debug_frame_start = .
 *(.debug_frame)
                0x000000000000c018                __debug_info_start = .
 *(.debug_info)
                0x000000000000c018                __debug_abbrev_start = .
 *(.debug_abbrev)
                0x000000000000c018                __debug_loclists_start = .
 *(.debug_loclists)
                0x000000000000c018                __debug_aranges_start = .
 *(.debug_aranges)
                0x000000000000c018                __debug_rgnlists_start = .
 *(.debug_rnglists)
                0x000000000000c018                __debug_line_start = .
 *(.debug_line)
                0x000000000000c018                __debug_str_start = .
 *(.debug_str)
                0x000000000000c018                __debug_line_str_start = .
 *(.debug_line_str)
OUTPUT(build/TolunnetPrefs amiga)
