# tolunnet SocketConformance (Round 3 §B.2)
ok 1 - tc_lib_open_close
ok 2 - tc_socket_types
ok 3 - tc_bind_udp
ok 4 - tc_bind_reuse
ok 5 - tc_sockopt_matrix
ok 6 - tc_multicast_join
ok 7 - tc_ioctl_ifconf
ok 8 - tc_ioctl_fionread
ok 9 - tc_listen_accept_loopback
ok 10 - tc_connect_refused
# tc_nonblock_connect: rc=-1 errno=36 EINPROGRESS=36
# tc_nonblock_connect: calling waitselect s=0
# tc_nonblock_connect: waitselect returned 1 errno=36
ok 11 - tc_nonblock_connect
ok 12 - tc_shutdown_wr
ok 13 - tc_getpeername
ok 14 - tc_dns_a
ok 15 - tc_dns_fail
ok 16 - tc_errno_ptr
ok 17 - tc_dup2
ok 18 - tc_waitselect_timeout
ok 19 - tc_waitselect_eintr
ok 20 - tc_waitselect_badf
ok 21 - tc_waitselect_no_sigio
ok 22 - tc_sigio
ok 23 - tc_icmp_raw
ok 24 - tc_sendmsg_iov
ok 25 - tc_recv_peek
ok 26 - tc_socket_events
ok 27 - tc_sbtc_full
ok 28 - tc_release_obtain
tolunnet: bpf_open not implemented
tolunnet: bpf_close not implemented
tolunnet: bpf_read not implemented
tolunnet: bpf_write not implemented
tolunnet: bpf_set_notify_mask not implemented
tolunnet: bpf_set_interrupt_mask not implemented
tolunnet: bpf_ioctl not implemented
tolunnet: bpf_data_waiting not implemented
tolunnet: AddRouteTagList not implemented
tolunnet: DeleteRouteTagList not implemented
tolunnet: ChangeRouteTagList not implemented
tolunnet: FreeRouteInfo not implemented
tolunnet: GetRouteInfo not implemented
tolunnet: AddInterfaceTagList not implemented
tolunnet: ConfigureInterfaceTagList not implemented
tolunnet: ReleaseInterfaceList not implemented
tolunnet: ObtainInterfaceList not implemented
tolunnet: QueryInterfaceTagList not implemented
tolunnet: CreateAddrAllocMessageA not implemented
tolunnet: DeleteAddrAllocMessage not implemented
tolunnet: BeginInterfaceConfig not implemented
tolunnet: AbortInterfaceConfig not implemented
tolunnet: AddNetMonitorHookTagList not implemented
tolunnet: RemoveNetMonitorHook not implemented
tolunnet: GetNetworkStatistics not implemented
tolunnet: AddDomainNameServer not implemented
tolunnet: RemoveDomainNameServer not implemented
tolunnet: ReleaseDomainNameServerList not implemented
tolunnet: ObtainDomainNameServerList not implemented
tolunnet: mbuf_copym not implemented
tolunnet: mbuf_copyback not implemented
tolunnet: mbuf_copydata not implemented
tolunnet: mbuf_free not implemented
tolunnet: mbuf_freem not implemented
tolunnet: mbuf_get not implemented
tolunnet: mbuf_gethdr not implemented
tolunnet: mbuf_prepend not implemented
tolunnet: mbuf_cat not implemented
tolunnet: mbuf_adj not implemented
tolunnet: mbuf_pullup not implemented
tolunnet: ObtainRoadshowData not implemented
tolunnet: ReleaseRoadshowData not implemented
tolunnet: ChangeRoadshowData not implemented
tolunnet: RemoveInterface not implemented
tolunnet: ipf_open not implemented
tolunnet: ipf_close not implemented
tolunnet: ipf_ioctl not implemented
tolunnet: ipf_log_read not implemented
tolunnet: ipf_log_data_waiting not implemented
tolunnet: ipf_set_notify_mask not implemented
tolunnet: ipf_set_interrupt_mask not implemented
tolunnet: freeaddrinfo not implemented
tolunnet: getaddrinfo not implemented
tolunnet: gai_strerror not implemented
tolunnet: getnameinfo not implemented
ok 29 - tc_every_vector_callable
ok 30 - tc_stats_counters
ok 31 - tc_wizard_wired
1..31
# bench: asking daemon to stop (restart-cycle proof)
