FreezeWatch started
=== FreezeWatch dump: manual trigger ===
--- WAITING ---
  card.resource type=00000001 SP=$00C07E5A ret0=$00F80C0C ret1=$001800C0 sig=$80000000
  carddisk.device type=00000001 SP=$00C0980A ret0=$00F80C0C ret1=$001800C0 sig=$80000000
  console.device type=00000001 SP=$00C0C8A2 ret0=$00F80C0C ret1=$001800C0 sig=$F0000000
  UAE fs automounter type=00000001 SP=$00C0D776 ret0=$00F80C0C ret1=$001800C0 sig=$00002000
  DF1 type=0000000D SP=$00C1A91E ret0=$00F80C0C ret1=$001800C0 sig=$40000100
  CON type=0000000D SP=$00C1F566 ret0=$00F80C0C ret1=$001800C0 sig=$00000100
  DF0 type=0000000D SP=$00C18456 ret0=$00F80C0C ret1=$001800C0 sig=$40000100
  ramlib type=0000000D SP=$00C1E97A ret0=$00F80C0C ret1=$001800C0 sig=$00000010
  trackdisk.device type=00000001 SP=$00C1C832 ret0=$00F80C0C ret1=$001800C0 sig=$00000300
  « IPrefs » type=0000000D SP=$00C33432 ret0=$00F80C0C ret1=$001800C0 sig=$0000F000
  ConClip Process type=0000000D SP=$00C3576E ret0=$00F80C0C ret1=$001800C0 sig=$80001000
  trackdisk.device type=00000001 SP=$00C0DF2A ret0=$00F80C0C ret1=$001800C0 sig=$00000300
  input.device type=00000001 SP=$00C0912E ret0=$00F80C0C ret1=$001800C0 sig=$C0000000
  Initial CLI type=0000000D SP=$00C345FA ret0=$00F80C0C ret1=$001800C0 sig=$00000100
  RAM type=0000000D SP=$00C22B3A ret0=$00F80C0C ret1=$001800C0 sig=$C0000100
  UAE fs worker type=00000001 SP=$00C03E16 ret0=$00F80C0C ret1=$001800C0 sig=$00000100
  WORK type=0000000D SP=$00C1E092 ret0=$00F80C0C ret1=$001800C0 sig=$00002100
  DH0 type=0000000D SP=$00C10336 ret0=$00F80C0C ret1=$001800C0 sig=$40000100
--- READY ---
  Background CLI type=0000000D SP=$00C3A93E ret0=$00F80C0C ret1=$00100000 sig=$00000100
