# tolunnet SocketConformance (Round 3 §B.2)
ok 1 - tc_lib_open_close
ok 2 - tc_socket_types
ok 3 - tc_bind_udp
ok 4 - tc_bind_reuse
ok 5 - tc_sockopt_matrix
ok 6 - tc_multicast_join
ok 7 - tc_ioctl_ifconf
ok 8 - tc_ioctl_fionread
ok 9 - tc_listen_accept_loopback
ok 10 - tc_connect_refused
# TIMEOUT: ipc watchdog fired during tc_connect_refused
# tc_nonblock_connect: rc=-1 errno=36 EINPROGRESS=36
# tc_nonblock_connect: calling waitselect s=1
# tc_nonblock_connect: waitselect returned 1 errno=36
ok 11 - tc_nonblock_connect
ok 12 - tc_shutdown_wr
ok 13 - tc_getpeername
ok 14 - tc_dns_a # SKIP external
ok 15 - tc_dns_local
ok 16 - tc_dns_fail
ok 17 - tc_errno_ptr
ok 18 - tc_dup2
ok 19 - tc_waitselect_timeout
ok 20 - tc_waitselect_eintr
ok 21 - tc_waitselect_badf
ok 22 - tc_waitselect_no_sigio
ok 23 - tc_sigio
ok 24 - tc_icmp_raw
ok 25 - tc_sendmsg_iov
# control: send=100 waitselect=1 recv=100
# waitselect_rc=1 recv_rc=100 errno=45 retries=1
ok 26 - tc_tcp_scatter_tnet115
ok 27 - tc_recv_peek
ok 28 - tc_cmd_hostname
ok 29 - tc_cmd_nslookup
ok 30 - tc_cmd_whois
ok 31 - tc_cmd_traceroute
ok 32 - tc_cmd_nc
ok 33 - tc_cmd_sntp
ok 34 - tc_cmd_telnet
ok 35 - tc_cmd_tftp
ok 36 - tc_cmd_ftp
# tc_cmd_arp: gateway ARP resolves here: yes
ok 37 - tc_cmd_arp
ok 38 - tc_cmd_shownetstatus
ok 39 - tc_cmd_tolunnetcontrol
ok 40 - tc_cmd_getnetstatus
# iperf loopback: 110392 bytes in ~2s = 1104 KB/s
ok 41 - tc_iperf_loopback
ok 42 - tc_cmd_ifctl
ok 43 - tc_cmd_netshutdown
ok 44 - tc_cmd_route
ok 45 - tc_socket_events
ok 46 - tc_sbtc_full
ok 47 - tc_release_obtain
tolunnet: bpf_open not implemented
tolunnet: bpf_close not implemented
tolunnet: bpf_read not implemented
tolunnet: bpf_write not implemented
tolunnet: bpf_set_notify_mask not implemented
tolunnet: bpf_set_interrupt_mask not implemented
tolunnet: bpf_ioctl not implemented
tolunnet: bpf_data_waiting not implemented
tolunnet: AddRouteTagList not implemented
tolunnet: DeleteRouteTagList not implemented
tolunnet: ChangeRouteTagList not implemented
tolunnet: FreeRouteInfo not implemented
tolunnet: GetRouteInfo not implemented
tolunnet: AddInterfaceTagList not implemented
tolunnet: ConfigureInterfaceTagList not implemented
tolunnet: ReleaseInterfaceList not implemented
tolunnet: ObtainInterfaceList not implemented
tolunnet: QueryInterfaceTagList not implemented
tolunnet: CreateAddrAllocMessageA not implemented
tolunnet: DeleteAddrAllocMessage not implemented
tolunnet: BeginInterfaceConfig not implemented
tolunnet: AbortInterfaceConfig not implemented
tolunnet: AddNetMonitorHookTagList not implemented
tolunnet: RemoveNetMonitorHook not implemented
tolunnet: GetNetworkStatistics not implemented
tolunnet: AddDomainNameServer not implemented
tolunnet: RemoveDomainNameServer not implemented
tolunnet: ReleaseDomainNameServerList not implemented
tolunnet: ObtainDomainNameServerList not implemented
tolunnet: mbuf_copym not implemented
tolunnet: mbuf_copyback not implemented
tolunnet: mbuf_copydata not implemented
tolunnet: mbuf_free not implemented
tolunnet: mbuf_freem not implemented
tolunnet: mbuf_get not implemented
tolunnet: mbuf_gethdr not implemented
tolunnet: mbuf_prepend not implemented
tolunnet: mbuf_cat not implemented
tolunnet: mbuf_adj not implemented
tolunnet: mbuf_pullup not implemented
tolunnet: ObtainRoadshowData not implemented
tolunnet: ReleaseRoadshowData not implemented
tolunnet: ChangeRoadshowData not implemented
tolunnet: RemoveInterface not implemented
tolunnet: ipf_open not implemented
tolunnet: ipf_close not implemented
tolunnet: ipf_ioctl not implemented
tolunnet: ipf_log_read not implemented
tolunnet: ipf_log_data_waiting not implemented
tolunnet: ipf_set_notify_mask not implemented
tolunnet: ipf_set_interrupt_mask not implemented
ok 48 - tc_every_vector_callable
ok 49 - tc_stats_counters
ok 50 - tc_wizard_wired
ok 51 - tc_wizard_ntsc
ok 52 - tc_wifi_scan_parse
ok 53 - tc_reconfig_rc
ok 54 - tc_link_events # SKIP link flip not enabled for this driver (create WORK:linktest-on)
# tc_cmd_stop_start: after signal, daemon alive=1
# tc_cmd_stop_start: STOP without clients?? rc=-1 err=16
ok 55 - tc_cmd_stop_start
# TIMEOUT: ipc watchdog fired during tc_cmd_stop_start
1..55
# bench: asking daemon to stop (restart-cycle proof)
