# tolunnet SocketConformance (Round 3 §B.2)
ok 1 - tc_lib_open_close
ok 2 - tc_socket_types
ok 3 - tc_bind_udp
ok 4 - tc_bind_reuse
ok 5 - tc_sockopt_matrix
ok 6 - tc_multicast_join
ok 7 - tc_ioctl_ifconf
ok 8 - tc_ioctl_fionread
ok 9 - tc_listen_accept_loopback
ok 10 - tc_connect_refused
# TIMEOUT: ipc watchdog fired during tc_connect_refused
# tc_nonblock_connect: rc=-1 errno=36 EINPROGRESS=36
# tc_nonblock_connect: calling waitselect s=1
# tc_nonblock_connect: waitselect returned 1 errno=36
ok 11 - tc_nonblock_connect
ok 12 - tc_shutdown_wr
ok 13 - tc_getpeername
ok 14 - tc_dns_a # SKIP external
ok 15 - tc_dns_local
ok 16 - tc_dns_fail
ok 17 - tc_errno_ptr
ok 18 - tc_dup2
ok 19 - tc_waitselect_timeout
ok 20 - tc_waitselect_eintr
ok 21 - tc_waitselect_badf
ok 22 - tc_waitselect_no_sigio
ok 23 - tc_sigio
ok 24 - tc_icmp_raw
ok 25 - tc_sendmsg_iov
# sent=100 recv=-1 mismatch_at=1
# expected=2x got=2x at offset 0
not ok 26 - tc_tcp_scatter_tnet115 # data mismatch
ok 27 - tc_recv_peek
ok 28 - tc_socket_events
ok 29 - tc_sbtc_full
ok 30 - tc_release_obtain
ok 31 - tc_every_vector_callable
ok 32 - tc_stats_counters
ok 33 - tc_wizard_wired
ok 34 - tc_wizard_ntsc
ok 35 - tc_wifi_scan_parse
