# tolunnet SocketConformance (Round 3 §B.2)
ok 1 - tc_lib_open_close
ok 2 - tc_socket_types
ok 3 - tc_bind_udp
ok 4 - tc_bind_reuse
ok 5 - tc_sockopt_matrix
ok 6 - tc_multicast_join
ok 7 - tc_ioctl_ifconf
ok 8 - tc_ioctl_fionread
ok 9 - tc_listen_accept_loopback
ok 10 - tc_connect_refused
# tc_nonblock_connect: rc=-1 errno=36 EINPROGRESS=36
# tc_nonblock_connect: calling waitselect s=1
# tc_nonblock_connect: waitselect returned 1 errno=36
ok 11 - tc_nonblock_connect
ok 12 - tc_shutdown_wr
ok 13 - tc_getpeername
ok 14 - tc_dns_a # SKIP external
ok 15 - tc_dns_local
ok 16 - tc_dns_fail
ok 17 - tc_errno_ptr
ok 18 - tc_dup2
ok 19 - tc_waitselect_timeout
ok 20 - tc_waitselect_eintr
ok 21 - tc_waitselect_badf
ok 22 - tc_waitselect_no_sigio
ok 23 - tc_sigio
ok 24 - tc_icmp_raw
ok 25 - tc_sendmsg_iov
# control: send=100 waitselect=1 recv=100
# waitselect_rc=1 recv_rc=100 errno=45 retries=1
ok 26 - tc_tcp_scatter_tnet115
ok 27 - tc_recv_peek
ok 28 - tc_cmd_hostname
ok 29 - tc_cmd_nslookup
ok 30 - tc_cmd_whois
ok 31 - tc_cmd_traceroute
ok 32 - tc_cmd_nc
ok 33 - tc_cmd_sntp
ok 34 - tc_cmd_telnet
ok 35 - tc_cmd_tftp
ok 36 - tc_cmd_ftp
# tc_cmd_arp: gw lookup errno=6
not ok 37 - tc_cmd_arp # gateway ARP entry missing after warm probe
ok 38 - tc_cmd_shownetstatus
ok 39 - tc_cmd_tolunnetcontrol
ok 40 - tc_cmd_getnetstatus
# iperf loopback: 542552 bytes in ~2s = 5426 KB/s
ok 41 - tc_iperf_loopback
